6 ; 22.71 ; 62.20
8 ; 22.72 ; 62.16
10 ; 22.72 ; 62.10
12 ; 22.73 ; 62.02
14 ; 22.74 ; 61.99
16 ; 22.75 ; 61.97
18 ; 22.76 ; 61.93
20 ; 22.76 ; 61.92
22 ; 22.76 ; 61.92
24 ; 22.77 ; 61.91
26 ; 22.77 ; 61.89
28 ; 22.77 ; 61.88
30 ; 22.77 ; 61.86
32 ; 22.78 ; 61.87
34 ; 22.78 ; 61.84
36 ; 22.78 ; 61.81
38 ; 22.79 ; 61.83
40 ; 22.79 ; 61.81
42 ; 22.79 ; 61.81
44 ; 22.79 ; 61.80
46 ; 22.79 ; 61.79
48 ; 22.79 ; 61.78
50 ; 22.79 ; 61.78
52 ; 22.79 ; 61.80
54 ; 22.79 ; 61.80
56 ; 22.79 ; 61.78
58 ; 22.79 ; 61.80
60 ; 22.80 ; 61.79
62 ; 22.79 ; 61.79
64 ; 22.79 ; 61.78
66 ; 22.80 ; 61.77
68 ; 22.79 ; 61.76
70 ; 22.80 ; 61.78
72 ; 22.79 ; 61.76
74 ; 22.80 ; 61.77
76 ; 22.80 ; 61.75
78 ; 22.80 ; 61.78
80 ; 22.80 ; 61.74
82 ; 22.80 ; 61.76
84 ; 22.80 ; 61.74
86 ; 22.81 ; 61.70
88 ; 22.80 ; 61.71
90 ; 22.80 ; 61.71
92 ; 22.80 ; 61.72
94 ; 22.80 ; 61.71
96 ; 22.80 ; 61.71
98 ; 22.80 ; 61.71
100 ; 22.81 ; 61.70
102 ; 22.81 ; 61.70
104 ; 22.81 ; 61.71
106 ; 22.80 ; 61.70
108 ; 22.81 ; 61.72
110 ; 22.80 ; 61.71
112 ; 22.80 ; 61.73
114 ; 22.81 ; 61.73
116 ; 22.81 ; 61.73
118 ; 22.80 ; 61.71
120 ; 22.80 ; 61.71
122 ; 22.81 ; 61.71
124 ; 22.80 ; 61.72
126 ; 22.81 ; 61.69
128 ; 22.80 ; 61.69
130 ; 22.80 ; 61.70
132 ; 22.81 ; 61.67
134 ; 22.81 ; 61.68
136 ; 22.81 ; 61.71
138 ; 22.81 ; 61.73
140 ; 22.81 ; 61.71
142 ; 22.81 ; 61.71
144 ; 22.81 ; 61.73
146 ; 22.81 ; 61.70
148 ; 22.81 ; 61.70
150 ; 22.81 ; 61.72
152 ; 22.80 ; 61.71
154 ; 22.81 ; 61.68
156 ; 22.81 ; 61.71
158 ; 22.81 ; 61.71
160 ; 22.81 ; 61.69
162 ; 22.81 ; 61.69
164 ; 22.81 ; 61.69
166 ; 22.82 ; 61.69
168 ; 22.81 ; 61.70
170 ; 22.81 ; 61.68
172 ; 22.82 ; 61.72
174 ; 22.82 ; 61.72
176 ; 22.81 ; 61.71
178 ; 22.81 ; 61.69
180 ; 22.81 ; 61.67
182 ; 22.81 ; 61.68
184 ; 22.81 ; 61.69
186 ; 22.81 ; 61.71
188 ; 22.81 ; 61.72
190 ; 22.81 ; 61.75
192 ; 22.81 ; 61.75
194 ; 22.81 ; 61.73
196 ; 22.81 ; 61.71
198 ; 22.82 ; 61.72
200 ; 22.81 ; 61.72
202 ; 22.82 ; 61.70
204 ; 22.82 ; 61.69
206 ; 22.82 ; 61.71
208 ; 22.81 ; 61.71
210 ; 22.82 ; 61.70
212 ; 22.82 ; 61.70
214 ; 22.81 ; 61.71
216 ; 22.82 ; 61.70
218 ; 22.82 ; 61.69
220 ; 22.82 ; 61.68
222 ; 22.82 ; 61.68
224 ; 22.82 ; 61.69
226 ; 22.82 ; 61.70
228 ; 22.82 ; 61.71
230 ; 22.82 ; 61.72
232 ; 22.83 ; 61.72
234 ; 22.82 ; 61.73
236 ; 22.82 ; 61.72
238 ; 22.82 ; 61.72
240 ; 22.82 ; 61.71
242 ; 22.83 ; 61.70
244 ; 22.82 ; 61.71
246 ; 22.82 ; 61.74
248 ; 22.82 ; 61.72
250 ; 22.82 ; 61.70
252 ; 22.82 ; 61.68
254 ; 22.82 ; 61.69
256 ; 22.82 ; 61.67
258 ; 22.82 ; 61.68
260 ; 22.82 ; 61.67
262 ; 22.82 ; 61.67
264 ; 22.82 ; 61.69
266 ; 22.82 ; 61.69
268 ; 22.82 ; 61.70
270 ; 22.82 ; 61.69
272 ; 22.82 ; 61.68
274 ; 22.82 ; 61.69
276 ; 22.82 ; 61.68
278 ; 22.82 ; 61.65
280 ; 22.81 ; 61.66
282 ; 22.82 ; 61.67
284 ; 22.82 ; 61.69
286 ; 22.82 ; 61.68
288 ; 22.82 ; 61.69
290 ; 22.83 ; 61.69
292 ; 22.82 ; 61.69
294 ; 22.82 ; 61.72
296 ; 22.83 ; 61.70
298 ; 22.83 ; 61.70
300 ; 22.83 ; 61.70
302 ; 22.83 ; 61.70
304 ; 22.82 ; 61.70
306 ; 22.82 ; 61.68
308 ; 22.82 ; 61.67
310 ; 22.82 ; 61.69
312 ; 22.82 ; 61.69
314 ; 22.82 ; 61.70
316 ; 22.82 ; 61.69
318 ; 22.82 ; 61.68
320 ; 22.82 ; 61.67
322 ; 22.82 ; 61.70
324 ; 22.82 ; 61.71
326 ; 22.82 ; 61.69
328 ; 22.82 ; 61.68
330 ; 22.83 ; 61.67
332 ; 22.82 ; 61.68
334 ; 22.83 ; 61.68
336 ; 22.83 ; 61.65
338 ; 22.82 ; 61.66
340 ; 22.83 ; 61.66
342 ; 22.82 ; 61.67
344 ; 22.83 ; 61.67
346 ; 22.82 ; 61.68
348 ; 22.82 ; 61.68
350 ; 22.83 ; 61.67
352 ; 22.82 ; 61.66
354 ; 22.83 ; 61.66
356 ; 22.83 ; 61.67
358 ; 22.82 ; 61.64
360 ; 22.82 ; 61.65
362 ; 22.83 ; 61.66
364 ; 22.82 ; 61.65
366 ; 22.82 ; 61.65
368 ; 22.83 ; 61.65
370 ; 22.82 ; 61.65
372 ; 22.82 ; 61.67
374 ; 22.83 ; 61.67
376 ; 22.82 ; 61.65
378 ; 22.82 ; 61.67
380 ; 22.82 ; 61.65
382 ; 22.83 ; 61.65
384 ; 22.82 ; 61.67
386 ; 22.82 ; 61.68
388 ; 22.82 ; 61.66
390 ; 22.82 ; 61.66
392 ; 22.82 ; 61.67
394 ; 22.82 ; 61.66
396 ; 22.82 ; 61.65
398 ; 22.83 ; 61.69
400 ; 22.82 ; 61.68
402 ; 22.82 ; 61.68
404 ; 22.82 ; 61.68
406 ; 22.82 ; 61.66
408 ; 22.83 ; 61.64
410 ; 22.82 ; 61.68
412 ; 22.82 ; 61.66
414 ; 22.82 ; 61.65
416 ; 22.82 ; 61.66
418 ; 22.83 ; 61.68
420 ; 22.82 ; 61.69
422 ; 22.82 ; 61.68
424 ; 22.82 ; 61.68
426 ; 22.82 ; 61.66
428 ; 22.83 ; 61.67
430 ; 22.82 ; 61.65
432 ; 22.82 ; 61.67
434 ; 22.83 ; 61.67
436 ; 22.83 ; 61.67
438 ; 22.83 ; 61.69
440 ; 22.83 ; 61.70
442 ; 22.83 ; 61.71
444 ; 22.83 ; 61.68
446 ; 22.83 ; 61.69
448 ; 22.83 ; 61.68
450 ; 22.83 ; 61.68
452 ; 22.83 ; 61.67
454 ; 22.83 ; 61.67
456 ; 22.83 ; 61.65
458 ; 22.83 ; 61.65
460 ; 22.83 ; 61.65
462 ; 22.83 ; 61.64
464 ; 22.83 ; 61.65
466 ; 22.83 ; 61.66
468 ; 22.83 ; 61.64
470 ; 22.83 ; 61.66
472 ; 22.83 ; 61.65
474 ; 22.83 ; 61.68
476 ; 22.83 ; 61.66
478 ; 22.83 ; 61.66
480 ; 22.83 ; 61.67
482 ; 22.83 ; 61.66
484 ; 22.84 ; 61.66
486 ; 22.83 ; 61.63
488 ; 22.83 ; 61.65
490 ; 22.83 ; 61.64
492 ; 22.83 ; 61.63
494 ; 22.83 ; 61.66
496 ; 22.83 ; 61.64
498 ; 22.82 ; 61.66
500 ; 22.83 ; 61.65
502 ; 22.83 ; 61.68
504 ; 22.83 ; 61.68
506 ; 22.84 ; 61.68
508 ; 22.83 ; 61.67
510 ; 22.84 ; 61.66
512 ; 22.83 ; 61.66
514 ; 22.83 ; 61.66
516 ; 22.83 ; 61.66
518 ; 22.84 ; 61.65
520 ; 22.83 ; 61.66
522 ; 22.84 ; 61.65
524 ; 22.83 ; 61.63
526 ; 22.84 ; 61.66
528 ; 22.84 ; 61.67
530 ; 22.84 ; 61.65
532 ; 22.84 ; 61.66
534 ; 22.84 ; 61.65
536 ; 22.83 ; 61.66
538 ; 22.84 ; 61.64
540 ; 22.84 ; 61.65
542 ; 22.84 ; 61.66
544 ; 22.84 ; 61.66
546 ; 22.83 ; 61.67
548 ; 22.84 ; 61.67
550 ; 22.84 ; 61.65
552 ; 22.84 ; 61.64
554 ; 22.84 ; 61.64
556 ; 22.84 ; 61.63
558 ; 22.84 ; 61.63
560 ; 22.84 ; 61.63
562 ; 22.84 ; 61.65
564 ; 22.84 ; 61.66
566 ; 22.84 ; 61.65
568 ; 22.84 ; 61.65
570 ; 22.84 ; 61.66
572 ; 22.84 ; 61.65
574 ; 22.84 ; 61.68
576 ; 22.84 ; 61.69
578 ; 22.84 ; 61.69
580 ; 22.84 ; 61.67
582 ; 22.84 ; 61.68
584 ; 22.84 ; 61.67
586 ; 22.84 ; 61.65
588 ; 22.84 ; 61.66
590 ; 22.84 ; 61.63
592 ; 22.84 ; 61.64
594 ; 22.84 ; 61.64
596 ; 22.85 ; 61.65
598 ; 22.84 ; 61.66
600 ; 22.84 ; 61.64
602 ; 22.84 ; 61.66
604 ; 22.85 ; 61.64
606 ; 22.84 ; 61.64
608 ; 22.84 ; 61.65
610 ; 22.84 ; 61.65
612 ; 22.84 ; 61.64
614 ; 22.84 ; 61.66
616 ; 22.84 ; 61.65
618 ; 22.84 ; 61.66
620 ; 22.84 ; 61.64
622 ; 22.84 ; 61.64
624 ; 22.84 ; 61.66
626 ; 22.84 ; 61.67
628 ; 22.84 ; 61.66
630 ; 22.85 ; 61.65
632 ; 22.85 ; 61.64
634 ; 22.85 ; 61.65
636 ; 22.84 ; 61.61
638 ; 22.84 ; 61.61
640 ; 22.85 ; 61.62
642 ; 22.84 ; 61.61
644 ; 22.84 ; 61.64
646 ; 22.84 ; 61.62
648 ; 22.84 ; 61.61
650 ; 22.84 ; 61.63
652 ; 22.84 ; 61.63
654 ; 22.84 ; 61.61
656 ; 22.84 ; 61.63
658 ; 22.84 ; 61.62
660 ; 22.84 ; 61.63
662 ; 22.84 ; 61.60
664 ; 22.84 ; 61.62
666 ; 22.84 ; 61.62
668 ; 22.84 ; 61.64
670 ; 22.85 ; 61.66
672 ; 22.85 ; 61.67
674 ; 22.85 ; 61.65
676 ; 22.84 ; 61.64
678 ; 22.85 ; 61.64
680 ; 22.85 ; 61.62
682 ; 22.85 ; 61.64
684 ; 22.85 ; 61.64
686 ; 22.84 ; 61.63
688 ; 22.85 ; 61.65
690 ; 22.84 ; 61.64
692 ; 22.85 ; 61.65
694 ; 22.85 ; 61.67
696 ; 22.85 ; 61.68
698 ; 22.85 ; 61.66
700 ; 22.84 ; 61.64
702 ; 22.84 ; 61.65
704 ; 22.85 ; 61.64
706 ; 22.85 ; 61.67
708 ; 22.85 ; 61.68
710 ; 22.85 ; 61.71
712 ; 22.85 ; 61.70
714 ; 22.85 ; 61.68
716 ; 22.85 ; 61.66
718 ; 22.85 ; 61.67
720 ; 22.85 ; 61.67
722 ; 22.85 ; 61.63
724 ; 22.85 ; 61.63
726 ; 22.85 ; 61.64
728 ; 22.85 ; 61.64
730 ; 22.85 ; 61.65
732 ; 22.85 ; 61.65
734 ; 22.85 ; 61.64
736 ; 22.85 ; 61.65
738 ; 22.85 ; 61.62
740 ; 22.85 ; 61.64
742 ; 22.85 ; 61.65
744 ; 22.85 ; 61.65
746 ; 22.84 ; 61.65
748 ; 22.85 ; 61.66
750 ; 22.84 ; 61.66
752 ; 22.85 ; 61.66
754 ; 22.84 ; 61.65
756 ; 22.85 ; 61.64
758 ; 22.85 ; 61.62
760 ; 22.84 ; 61.63
762 ; 22.84 ; 61.64
764 ; 22.85 ; 61.64
766 ; 22.85 ; 61.64
768 ; 22.85 ; 61.64
770 ; 22.85 ; 61.65
772 ; 22.85 ; 61.65
774 ; 22.85 ; 61.65
776 ; 22.85 ; 61.66
778 ; 22.85 ; 61.66
780 ; 22.85 ; 61.66
782 ; 22.85 ; 61.65
784 ; 22.85 ; 61.66
786 ; 22.84 ; 61.63
788 ; 22.84 ; 61.63
790 ; 22.84 ; 61.63
792 ; 22.84 ; 61.63
794 ; 22.84 ; 61.61
796 ; 22.84 ; 61.65
798 ; 22.85 ; 61.65
800 ; 22.85 ; 61.64
802 ; 22.85 ; 61.65
804 ; 22.85 ; 61.64
806 ; 22.84 ; 61.65
808 ; 22.85 ; 61.64
810 ; 22.84 ; 61.63
812 ; 22.84 ; 61.64
814 ; 22.84 ; 61.64
816 ; 22.85 ; 61.64
818 ; 22.85 ; 61.65
820 ; 22.84 ; 61.64
822 ; 22.84 ; 61.64
824 ; 22.84 ; 61.64
826 ; 22.85 ; 61.64
828 ; 22.85 ; 61.64
830 ; 22.84 ; 61.65
832 ; 22.84 ; 61.64
834 ; 22.84 ; 61.63
836 ; 22.84 ; 61.64
838 ; 22.84 ; 61.64
840 ; 22.84 ; 61.65
842 ; 22.84 ; 61.64
844 ; 22.85 ; 61.65
846 ; 22.84 ; 61.65
848 ; 22.84 ; 61.66
850 ; 22.84 ; 61.67
852 ; 22.84 ; 61.69
854 ; 22.84 ; 61.66
856 ; 22.84 ; 61.66
858 ; 22.84 ; 61.65
860 ; 22.84 ; 61.66
862 ; 22.84 ; 61.66
864 ; 22.84 ; 61.68
866 ; 22.84 ; 61.67
868 ; 22.84 ; 61.65
870 ; 22.84 ; 61.68
872 ; 22.84 ; 61.67
874 ; 22.84 ; 61.68
876 ; 22.84 ; 61.67
878 ; 22.84 ; 61.66
880 ; 22.84 ; 61.68
882 ; 22.84 ; 61.67
884 ; 22.84 ; 61.67
886 ; 22.84 ; 61.66
888 ; 22.84 ; 61.66
890 ; 22.84 ; 61.65
892 ; 22.84 ; 61.66
894 ; 22.84 ; 61.64
896 ; 22.84 ; 61.65
898 ; 22.84 ; 61.66
900 ; 22.84 ; 61.66
902 ; 22.84 ; 61.66
904 ; 22.84 ; 61.68
906 ; 22.84 ; 61.67
908 ; 22.84 ; 61.68
910 ; 22.84 ; 61.68
912 ; 22.84 ; 61.67
914 ; 22.84 ; 61.68
916 ; 22.84 ; 61.66
918 ; 22.84 ; 61.68
920 ; 22.84 ; 61.64
922 ; 22.84 ; 61.67
924 ; 22.84 ; 61.68
926 ; 22.84 ; 61.67
928 ; 22.84 ; 61.66
930 ; 22.85 ; 61.67
932 ; 22.84 ; 61.69
934 ; 22.84 ; 61.67
936 ; 22.84 ; 61.72
938 ; 22.84 ; 61.71
940 ; 22.85 ; 61.73
942 ; 22.85 ; 61.69
944 ; 22.84 ; 61.69
946 ; 22.84 ; 61.71
948 ; 22.85 ; 61.71
950 ; 22.84 ; 61.69
952 ; 22.84 ; 61.68
954 ; 22.85 ; 61.70
956 ; 22.84 ; 61.67
958 ; 22.85 ; 61.71
960 ; 22.85 ; 61.68
962 ; 22.85 ; 61.69
964 ; 22.84 ; 61.68
966 ; 22.85 ; 61.68
968 ; 22.84 ; 61.66
970 ; 22.85 ; 61.66
972 ; 22.84 ; 61.68
974 ; 22.85 ; 61.68
976 ; 22.85 ; 61.66
978 ; 22.85 ; 61.71
980 ; 22.85 ; 61.68
982 ; 22.85 ; 61.67
984 ; 22.85 ; 61.68
986 ; 22.85 ; 61.68
988 ; 22.85 ; 61.67
990 ; 22.85 ; 61.66
992 ; 22.85 ; 61.64
994 ; 22.85 ; 61.64
996 ; 22.85 ; 61.65
998 ; 22.85 ; 61.65
1000 ; 22.85 ; 61.66
1002 ; 22.85 ; 61.64
1004 ; 22.85 ; 61.64
1006 ; 22.85 ; 61.62
1008 ; 22.85 ; 61.64
1010 ; 22.85 ; 61.66
1012 ; 22.85 ; 61.65
1014 ; 22.85 ; 61.65
1016 ; 22.85 ; 61.64
1018 ; 22.85 ; 61.65
1020 ; 22.84 ; 61.66
1022 ; 22.85 ; 61.64
1024 ; 22.85 ; 61.65
1026 ; 22.84 ; 61.67
1028 ; 22.85 ; 61.67
1030 ; 22.84 ; 61.64
1032 ; 22.84 ; 61.65
1034 ; 22.84 ; 61.65
1036 ; 22.84 ; 61.65
1038 ; 22.84 ; 61.67
1040 ; 22.85 ; 61.67
1042 ; 22.85 ; 61.68
1044 ; 22.85 ; 61.69
1046 ; 22.84 ; 61.68
1048 ; 22.85 ; 61.68
1050 ; 22.85 ; 61.68
1052 ; 22.85 ; 61.67
1054 ; 22.84 ; 61.69
1056 ; 22.84 ; 61.67
1058 ; 22.85 ; 61.66
1060 ; 22.85 ; 61.67
1062 ; 22.84 ; 61.66
1064 ; 22.84 ; 61.68
1066 ; 22.85 ; 61.66
1068 ; 22.84 ; 61.67
1070 ; 22.84 ; 61.66
1072 ; 22.84 ; 61.69
1074 ; 22.83 ; 61.68
1076 ; 22.84 ; 61.68
1078 ; 22.84 ; 61.67
1080 ; 22.84 ; 61.65
1082 ; 22.84 ; 61.67
1084 ; 22.84 ; 61.68
1086 ; 22.84 ; 61.66
1088 ; 22.84 ; 61.67
1090 ; 22.84 ; 61.67
1092 ; 22.84 ; 61.67
1094 ; 22.84 ; 61.68
1096 ; 22.84 ; 61.69
1098 ; 22.84 ; 61.71
1100 ; 22.84 ; 61.69
1102 ; 22.84 ; 61.73
1104 ; 22.84 ; 61.71
1106 ; 22.84 ; 61.72
1108 ; 22.84 ; 61.70
1110 ; 22.84 ; 61.73
1112 ; 22.84 ; 61.73
1114 ; 22.84 ; 61.73
1116 ; 22.84 ; 61.71
1118 ; 22.85 ; 61.73
1120 ; 22.84 ; 61.72
1122 ; 22.84 ; 61.69
1124 ; 22.84 ; 61.68
1126 ; 22.85 ; 61.69
1128 ; 22.85 ; 61.72
1130 ; 22.84 ; 61.71
1132 ; 22.84 ; 61.69
1134 ; 22.84 ; 61.71
1136 ; 22.84 ; 61.71
1138 ; 22.84 ; 61.69
1140 ; 22.84 ; 61.68
1142 ; 22.84 ; 61.69
1144 ; 22.84 ; 61.69
1146 ; 22.84 ; 61.68
1148 ; 22.84 ; 61.72
1150 ; 22.84 ; 61.72
1152 ; 22.85 ; 61.73
1154 ; 22.85 ; 61.71
1156 ; 22.84 ; 61.73
1158 ; 22.84 ; 61.69
1160 ; 22.85 ; 61.74
1162 ; 22.84 ; 61.76
1164 ; 22.84 ; 61.75
1166 ; 22.84 ; 61.75
1168 ; 22.84 ; 61.73
1170 ; 22.84 ; 61.72
1172 ; 22.84 ; 61.69
1174 ; 22.84 ; 61.69
1176 ; 22.85 ; 61.68
1178 ; 22.84 ; 61.74
1180 ; 22.85 ; 61.72
1182 ; 22.84 ; 61.69
1184 ; 22.84 ; 61.71
1186 ; 22.84 ; 61.69
1188 ; 22.84 ; 61.68
1190 ; 22.84 ; 61.69
1192 ; 22.85 ; 61.73
1194 ; 22.84 ; 61.74
1196 ; 22.84 ; 61.74
1198 ; 22.85 ; 61.72
1200 ; 22.85 ; 61.72
1202 ; 22.85 ; 61.72
1204 ; 22.85 ; 61.73
1206 ; 22.85 ; 61.71
1208 ; 22.85 ; 61.72
1210 ; 22.85 ; 61.72
1212 ; 22.85 ; 61.70
1214 ; 22.85 ; 61.70
1216 ; 22.85 ; 61.71
1218 ; 22.86 ; 61.71
1220 ; 22.85 ; 61.70
1222 ; 22.85 ; 61.68
1224 ; 22.85 ; 61.67
1226 ; 22.85 ; 61.66
1228 ; 22.85 ; 61.68
1230 ; 22.85 ; 61.67
1232 ; 22.85 ; 61.67
1234 ; 22.85 ; 61.68
1236 ; 22.85 ; 61.68
1238 ; 22.85 ; 61.71
1240 ; 22.85 ; 61.72
1242 ; 22.85 ; 61.70
1244 ; 22.85 ; 61.67
1246 ; 22.86 ; 61.68
1248 ; 22.85 ; 61.68
1250 ; 22.86 ; 61.67
1252 ; 22.85 ; 61.70
1254 ; 22.85 ; 61.70
1256 ; 22.85 ; 61.68
1258 ; 22.85 ; 61.70
1260 ; 22.86 ; 61.68
1262 ; 22.85 ; 61.67
1264 ; 22.85 ; 61.67
1266 ; 22.85 ; 61.68
1268 ; 22.85 ; 61.66
1270 ; 22.85 ; 61.68
1272 ; 22.85 ; 61.71
1274 ; 22.85 ; 61.68
1276 ; 22.85 ; 61.70
1278 ; 22.85 ; 61.71
1280 ; 22.85 ; 61.72
1282 ; 22.84 ; 61.71
1284 ; 22.85 ; 61.69
1286 ; 22.85 ; 61.71
1288 ; 22.85 ; 61.71
1290 ; 22.85 ; 61.73
1292 ; 22.85 ; 61.73
1294 ; 22.85 ; 61.70
1296 ; 22.85 ; 61.71
1298 ; 22.84 ; 61.68
1300 ; 22.85 ; 61.72
1302 ; 22.85 ; 61.73
1304 ; 22.85 ; 61.71
1306 ; 22.85 ; 61.69
1308 ; 22.84 ; 61.71
1310 ; 22.85 ; 61.69
1312 ; 22.84 ; 61.69
1314 ; 22.84 ; 61.71
1316 ; 22.84 ; 61.71
1318 ; 22.84 ; 61.71
1320 ; 22.85 ; 61.71
1322 ; 22.85 ; 61.73
1324 ; 22.85 ; 61.72
1326 ; 22.84 ; 61.72
1328 ; 22.84 ; 61.72
1330 ; 22.84 ; 61.71
1332 ; 22.84 ; 61.74
1334 ; 22.84 ; 61.71
1336 ; 22.84 ; 61.72
1338 ; 22.84 ; 61.69
1340 ; 22.85 ; 61.71
1342 ; 22.85 ; 61.74
1344 ; 22.85 ; 61.75
1346 ; 22.84 ; 61.73
1348 ; 22.84 ; 61.74
1350 ; 22.85 ; 61.73
1352 ; 22.84 ; 61.72
1354 ; 22.85 ; 61.73
1356 ; 22.85 ; 61.76
1358 ; 22.85 ; 61.75
1360 ; 22.85 ; 61.75
1362 ; 22.85 ; 61.74
1364 ; 22.85 ; 61.74
1366 ; 22.85 ; 61.75
1368 ; 22.85 ; 61.76
1370 ; 22.85 ; 61.74
1372 ; 22.85 ; 61.74
1374 ; 22.85 ; 61.72
1376 ; 22.85 ; 61.71
1378 ; 22.85 ; 61.74
1380 ; 22.85 ; 61.73
1382 ; 22.85 ; 61.74
1384 ; 22.85 ; 61.73
1386 ; 22.84 ; 61.75
1388 ; 22.85 ; 61.76
1390 ; 22.84 ; 61.74
1392 ; 22.84 ; 61.74
1394 ; 22.84 ; 61.74
1396 ; 22.84 ; 61.74
1398 ; 22.84 ; 61.73
1400 ; 22.85 ; 61.75
1402 ; 22.84 ; 61.76
1404 ; 22.85 ; 61.74
1406 ; 22.84 ; 61.73
1408 ; 22.84 ; 61.74
1410 ; 22.85 ; 61.75
1412 ; 22.84 ; 61.74
1414 ; 22.84 ; 61.75
1416 ; 22.84 ; 61.76
1418 ; 22.84 ; 61.77
1420 ; 22.85 ; 61.79
1422 ; 22.84 ; 61.77
1424 ; 22.84 ; 61.77
1426 ; 22.85 ; 61.77
1428 ; 22.84 ; 61.77
1430 ; 22.85 ; 61.78
1432 ; 22.85 ; 61.78
1434 ; 22.85 ; 61.77
1436 ; 22.85 ; 61.78
1438 ; 22.85 ; 61.78
1440 ; 22.84 ; 61.77
1442 ; 22.85 ; 61.78
1444 ; 22.85 ; 61.79
1446 ; 22.85 ; 61.80
1448 ; 22.85 ; 61.81
1450 ; 22.85 ; 61.79
1452 ; 22.85 ; 61.78
1454 ; 22.85 ; 61.80
1456 ; 22.85 ; 61.77
1458 ; 22.85 ; 61.78
1460 ; 22.85 ; 61.77
1462 ; 22.85 ; 61.78
1464 ; 22.85 ; 61.77
1466 ; 22.85 ; 61.82
1468 ; 22.85 ; 61.81
1470 ; 22.85 ; 61.82
1472 ; 22.85 ; 61.78
1474 ; 22.85 ; 61.80
1476 ; 22.85 ; 61.80
1478 ; 22.85 ; 61.80
1480 ; 22.85 ; 61.81
1482 ; 22.85 ; 61.81
1484 ; 22.85 ; 61.82
1486 ; 22.85 ; 61.82
1488 ; 22.85 ; 61.83
1490 ; 22.85 ; 61.83
1492 ; 22.86 ; 61.83
1494 ; 22.86 ; 61.82
1496 ; 22.86 ; 61.81
1498 ; 22.85 ; 61.80
1500 ; 22.86 ; 61.80
1502 ; 22.85 ; 61.81
1504 ; 22.86 ; 61.78
1506 ; 22.86 ; 61.80
1508 ; 22.85 ; 61.78
1510 ; 22.86 ; 61.78
1512 ; 22.86 ; 61.81
1514 ; 22.86 ; 61.81
1516 ; 22.86 ; 61.77
1518 ; 22.86 ; 61.76
1520 ; 22.86 ; 61.77
1522 ; 22.86 ; 61.80
1524 ; 22.86 ; 61.78
1526 ; 22.86 ; 61.81
1528 ; 22.86 ; 61.78
1530 ; 22.86 ; 61.77
1532 ; 22.86 ; 61.78
1534 ; 22.86 ; 61.79
1536 ; 22.86 ; 61.79
1538 ; 22.86 ; 61.81
1540 ; 22.86 ; 61.80
1542 ; 22.85 ; 61.78
1544 ; 22.86 ; 61.77
1546 ; 22.86 ; 61.79
1548 ; 22.86 ; 61.80
1550 ; 22.85 ; 61.80
1552 ; 22.86 ; 61.80
1554 ; 22.86 ; 61.80
1556 ; 22.86 ; 61.80
1558 ; 22.85 ; 61.81
1560 ; 22.85 ; 61.80
1562 ; 22.86 ; 61.80
1564 ; 22.86 ; 61.81
1566 ; 22.86 ; 61.81
1568 ; 22.86 ; 61.80
1570 ; 22.86 ; 61.81
1572 ; 22.86 ; 61.81
1574 ; 22.86 ; 61.82
1576 ; 22.86 ; 61.83
1578 ; 22.86 ; 61.83
1580 ; 22.86 ; 61.84
1582 ; 22.87 ; 61.83
1584 ; 22.86 ; 61.83
1586 ; 22.86 ; 61.83
1588 ; 22.87 ; 61.82
1590 ; 22.87 ; 61.80
1592 ; 22.87 ; 61.79
1594 ; 22.86 ; 61.81
1596 ; 22.87 ; 61.81
1598 ; 22.86 ; 61.80
1600 ; 22.86 ; 61.80
1602 ; 22.86 ; 61.80
1604 ; 22.86 ; 61.81
1606 ; 22.87 ; 61.81
1608 ; 22.86 ; 61.81
1610 ; 22.87 ; 61.79
1612 ; 22.87 ; 61.82
1614 ; 22.86 ; 61.81
1616 ; 22.87 ; 61.80
1618 ; 22.87 ; 61.79
1620 ; 22.86 ; 61.79
1622 ; 22.87 ; 61.79
1624 ; 22.87 ; 61.79
1626 ; 22.87 ; 61.79
1628 ; 22.86 ; 61.80
1630 ; 22.87 ; 61.80
1632 ; 22.87 ; 61.81
1634 ; 22.87 ; 61.82
1636 ; 22.87 ; 61.83
1638 ; 22.87 ; 61.82
1640 ; 22.86 ; 61.81
1642 ; 22.86 ; 61.81
1644 ; 22.87 ; 61.80
1646 ; 22.86 ; 61.82
1648 ; 22.87 ; 61.81
1650 ; 22.87 ; 61.83
1652 ; 22.87 ; 61.81
1654 ; 22.87 ; 61.81
1656 ; 22.87 ; 61.82
1658 ; 22.87 ; 61.81
1660 ; 22.87 ; 61.80
1662 ; 22.87 ; 61.80
1664 ; 22.87 ; 61.80
1666 ; 22.87 ; 61.79
1668 ; 22.87 ; 61.80
1670 ; 22.87 ; 61.82
1672 ; 22.87 ; 61.83
1674 ; 22.87 ; 61.81
1676 ; 22.87 ; 61.78
1678 ; 22.87 ; 61.78
1680 ; 22.87 ; 61.79
1682 ; 22.87 ; 61.79
1684 ; 22.87 ; 61.79
1686 ; 22.87 ; 61.79
1688 ; 22.87 ; 61.79
1690 ; 22.87 ; 61.80
1692 ; 22.87 ; 61.79
1694 ; 22.87 ; 61.78
1696 ; 22.87 ; 61.76
1698 ; 22.87 ; 61.78
1700 ; 22.87 ; 61.78
1702 ; 22.87 ; 61.79
1704 ; 22.87 ; 61.80
1706 ; 22.87 ; 61.81
1708 ; 22.87 ; 61.80
1710 ; 22.87 ; 61.81
1712 ; 22.87 ; 61.80
1714 ; 22.87 ; 61.82
1716 ; 22.87 ; 61.80
1718 ; 22.86 ; 61.80
1720 ; 22.87 ; 61.77
1722 ; 22.87 ; 61.80
1724 ; 22.86 ; 61.81
1726 ; 22.86 ; 61.80
1728 ; 22.87 ; 61.81
1730 ; 22.86 ; 61.83
1732 ; 22.86 ; 61.81
1734 ; 22.87 ; 61.82
1736 ; 22.87 ; 61.81
1738 ; 22.86 ; 61.80
1740 ; 22.86 ; 61.81
1742 ; 22.87 ; 61.80
1744 ; 22.87 ; 61.81
1746 ; 22.87 ; 61.82
1748 ; 22.87 ; 61.81
1750 ; 22.87 ; 61.82
1752 ; 22.88 ; 61.82
1754 ; 22.87 ; 61.83
1756 ; 22.87 ; 61.81
1758 ; 22.87 ; 61.79
1760 ; 22.87 ; 61.80
1762 ; 22.87 ; 61.79
1764 ; 22.87 ; 61.78
1766 ; 22.87 ; 61.78
1768 ; 22.87 ; 61.81
1770 ; 22.87 ; 61.80
1772 ; 22.87 ; 61.80
1774 ; 22.87 ; 61.78
1776 ; 22.87 ; 61.77
1778 ; 22.87 ; 61.76
1780 ; 22.87 ; 61.75
1782 ; 22.87 ; 61.76
1784 ; 22.87 ; 61.78
1786 ; 22.87 ; 61.78
1788 ; 22.87 ; 61.79
1790 ; 22.87 ; 61.80
1792 ; 22.87 ; 61.79
1794 ; 22.87 ; 61.80
1796 ; 22.87 ; 61.78
1798 ; 22.87 ; 61.79
1800 ; 22.87 ; 61.79
1802 ; 22.87 ; 61.76
1804 ; 22.87 ; 61.78
1806 ; 22.87 ; 61.78
1808 ; 22.87 ; 61.79
1810 ; 22.87 ; 61.80
1812 ; 22.87 ; 61.80
1814 ; 22.87 ; 61.79
1816 ; 22.87 ; 61.79
1818 ; 22.87 ; 61.80
1820 ; 22.87 ; 61.80
1822 ; 22.87 ; 61.79
1824 ; 22.87 ; 61.79
1826 ; 22.87 ; 61.79
1828 ; 22.87 ; 61.79
1830 ; 22.87 ; 61.80
1832 ; 22.87 ; 61.79
1834 ; 22.87 ; 61.79
1836 ; 22.87 ; 61.81
1838 ; 22.87 ; 61.80
1840 ; 22.87 ; 61.80
1842 ; 22.87 ; 61.79
1844 ; 22.87 ; 61.81
1846 ; 22.87 ; 61.80
1848 ; 22.87 ; 61.79
1850 ; 22.88 ; 61.78
1852 ; 22.87 ; 61.79
1854 ; 22.87 ; 61.78
1856 ; 22.87 ; 61.75
1858 ; 22.87 ; 61.75
1860 ; 22.87 ; 61.75
1862 ; 22.87 ; 61.76
1864 ; 22.87 ; 61.75
1866 ; 22.87 ; 61.75
1868 ; 22.87 ; 61.76
1870 ; 22.87 ; 61.76
1872 ; 22.87 ; 61.79
1874 ; 22.87 ; 61.77
1876 ; 22.87 ; 61.80
1878 ; 22.87 ; 61.79
1880 ; 22.87 ; 61.78
1882 ; 22.87 ; 61.80
1884 ; 22.87 ; 61.80
1886 ; 22.87 ; 61.80
1888 ; 22.87 ; 61.79
1890 ; 22.87 ; 61.79
1892 ; 22.87 ; 61.79
1894 ; 22.87 ; 61.78
1896 ; 22.87 ; 61.78
1898 ; 22.87 ; 61.76
1900 ; 22.87 ; 61.77
1902 ; 22.88 ; 61.79
1904 ; 22.87 ; 61.78
1906 ; 22.87 ; 61.78
1908 ; 22.87 ; 61.77
1910 ; 22.86 ; 61.76
1912 ; 22.87 ; 61.75
1914 ; 22.87 ; 61.75
1916 ; 22.88 ; 61.73
1918 ; 22.87 ; 61.78
1920 ; 22.87 ; 61.78
1922 ; 22.87 ; 61.79
1924 ; 22.87 ; 61.78
1926 ; 22.87 ; 61.79
1928 ; 22.87 ; 61.79
1930 ; 22.87 ; 61.76
1932 ; 22.87 ; 61.78
1934 ; 22.87 ; 61.80
1936 ; 22.87 ; 61.80
1938 ; 22.87 ; 61.81
1940 ; 22.87 ; 61.79
1942 ; 22.87 ; 61.76
1944 ; 22.87 ; 61.78
1946 ; 22.87 ; 61.79
1948 ; 22.87 ; 61.76
1950 ; 22.87 ; 61.75
1952 ; 22.87 ; 61.78
1954 ; 22.87 ; 61.76
1956 ; 22.87 ; 61.76
1958 ; 22.87 ; 61.76
1960 ; 22.87 ; 61.76
1962 ; 22.87 ; 61.76
1964 ; 22.87 ; 61.75
1966 ; 22.87 ; 61.76
1968 ; 22.87 ; 61.75
1970 ; 22.87 ; 61.75
1972 ; 22.87 ; 61.75
1974 ; 22.87 ; 61.78
1976 ; 22.87 ; 61.75
1978 ; 22.87 ; 61.76
1980 ; 22.87 ; 61.78
1982 ; 22.87 ; 61.75
1984 ; 22.88 ; 61.78
1986 ; 22.87 ; 61.78
1988 ; 22.87 ; 61.76
1990 ; 22.87 ; 61.76
1992 ; 22.87 ; 61.75
1994 ; 22.87 ; 61.75
1996 ; 22.87 ; 61.75
1998 ; 22.87 ; 61.75
2000 ; 22.87 ; 61.76
2002 ; 22.87 ; 61.75
2004 ; 22.87 ; 61.77
2006 ; 22.86 ; 61.79
2008 ; 22.86 ; 61.80
2010 ; 22.86 ; 61.81
2012 ; 22.86 ; 61.82
2014 ; 22.86 ; 61.82
2016 ; 22.86 ; 61.83
2018 ; 22.86 ; 61.84
2020 ; 22.86 ; 61.85
2022 ; 22.86 ; 61.84
2024 ; 22.87 ; 61.84
2026 ; 22.86 ; 61.84
2028 ; 22.87 ; 61.83
2030 ; 22.86 ; 61.83
2032 ; 22.86 ; 61.84
2034 ; 22.86 ; 61.84
2036 ; 22.86 ; 61.85
2038 ; 22.86 ; 61.85
2040 ; 22.86 ; 61.85
2042 ; 22.86 ; 61.83
2044 ; 22.86 ; 61.84
2046 ; 22.86 ; 61.85
2048 ; 22.86 ; 61.85
2050 ; 22.86 ; 61.86
2052 ; 22.86 ; 61.87
2054 ; 22.86 ; 61.89
2056 ; 22.86 ; 61.88
2058 ; 22.86 ; 61.87
2060 ; 22.86 ; 61.85
2062 ; 22.86 ; 61.85
2064 ; 22.86 ; 61.86
2066 ; 22.86 ; 61.85
2068 ; 22.87 ; 61.86
2070 ; 22.86 ; 61.86
2072 ; 22.87 ; 61.87
2074 ; 22.87 ; 61.87
2076 ; 22.86 ; 61.89
2078 ; 22.86 ; 61.89
2080 ; 22.86 ; 61.90
2082 ; 22.86 ; 61.91
2084 ; 22.87 ; 61.91
2086 ; 22.86 ; 61.90
2088 ; 22.86 ; 61.89
2090 ; 22.86 ; 61.90
2092 ; 22.86 ; 61.91
2094 ; 22.86 ; 61.90
2096 ; 22.86 ; 61.91
2098 ; 22.86 ; 61.91
2100 ; 22.86 ; 61.91
2102 ; 22.86 ; 61.92
2104 ; 22.87 ; 61.92
2106 ; 22.86 ; 61.92
2108 ; 22.87 ; 61.92
2110 ; 22.87 ; 61.91
2112 ; 22.87 ; 61.91
2114 ; 22.87 ; 61.91
2116 ; 22.87 ; 61.91
2118 ; 22.87 ; 61.91
2120 ; 22.87 ; 61.92
2122 ; 22.86 ; 61.93
2124 ; 22.87 ; 61.92
2126 ; 22.87 ; 61.92
2128 ; 22.87 ; 61.92
2130 ; 22.87 ; 61.93
2132 ; 22.87 ; 61.92
2134 ; 22.87 ; 61.92
2136 ; 22.87 ; 61.92
2138 ; 22.87 ; 61.91
2140 ; 22.87 ; 61.91
2142 ; 22.87 ; 61.92
2144 ; 22.87 ; 61.91
2146 ; 22.87 ; 61.92
2148 ; 22.87 ; 61.93
2150 ; 22.87 ; 61.92
2152 ; 22.87 ; 61.90
2154 ; 22.87 ; 61.92
2156 ; 22.87 ; 61.91
2158 ; 22.87 ; 61.92
2160 ; 22.87 ; 61.91
2162 ; 22.87 ; 61.91
2164 ; 22.87 ; 61.90
2166 ; 22.87 ; 61.91
2168 ; 22.87 ; 61.91
2170 ; 22.87 ; 61.92
2172 ; 22.87 ; 61.93
2174 ; 22.87 ; 61.93
2176 ; 22.87 ; 61.93
2178 ; 22.87 ; 61.92
2180 ; 22.87 ; 61.93
2182 ; 22.86 ; 61.94
2184 ; 22.87 ; 61.94
2186 ; 22.87 ; 61.94
2188 ; 22.87 ; 61.94
2190 ; 22.87 ; 61.93
2192 ; 22.87 ; 61.93
2194 ; 22.87 ; 61.93
2196 ; 22.86 ; 61.94
2198 ; 22.87 ; 61.93
2200 ; 22.87 ; 61.94
2202 ; 22.87 ; 61.95
2204 ; 22.87 ; 61.95
2206 ; 22.87 ; 61.95
2208 ; 22.87 ; 61.94
2210 ; 22.87 ; 61.96
2212 ; 22.87 ; 61.95
2214 ; 22.87 ; 61.95
2216 ; 22.87 ; 61.96
2218 ; 22.87 ; 61.92
2220 ; 22.86 ; 61.94
2222 ; 22.86 ; 61.95
2224 ; 22.87 ; 61.96
2226 ; 22.87 ; 61.97
2228 ; 22.86 ; 61.96
2230 ; 22.87 ; 61.96
2232 ; 22.87 ; 61.97
2234 ; 22.87 ; 61.97
2236 ; 22.87 ; 61.96
2238 ; 22.87 ; 62.00
2240 ; 22.86 ; 61.99
2242 ; 22.87 ; 61.99
2244 ; 22.87 ; 61.99
2246 ; 22.87 ; 61.97
2248 ; 22.87 ; 61.96
2250 ; 22.86 ; 61.96
2252 ; 22.87 ; 61.96
2254 ; 22.87 ; 61.99
2256 ; 22.87 ; 61.98
2258 ; 22.87 ; 61.99
2260 ; 22.87 ; 62.00
2262 ; 22.87 ; 61.99
2264 ; 22.86 ; 62.00
2266 ; 22.86 ; 62.00
2268 ; 22.86 ; 62.01
2270 ; 22.86 ; 62.01
2272 ; 22.87 ; 62.01
2274 ; 22.87 ; 62.01
2276 ; 22.86 ; 62.00
2278 ; 22.87 ; 62.01
2280 ; 22.87 ; 62.01
2282 ; 22.86 ; 62.01
2284 ; 22.87 ; 62.01
2286 ; 22.86 ; 62.02
2288 ; 22.86 ; 62.02
2290 ; 22.87 ; 62.03
2292 ; 22.87 ; 62.03
2294 ; 22.87 ; 62.03
2296 ; 22.87 ; 62.02
2298 ; 22.87 ; 62.02
2300 ; 22.87 ; 62.02
2302 ; 22.86 ; 62.03
2304 ; 22.87 ; 62.04
2306 ; 22.86 ; 62.03
2308 ; 22.87 ; 62.04
2310 ; 22.87 ; 62.04
2312 ; 22.87 ; 62.05
2314 ; 22.87 ; 62.05
2316 ; 22.87 ; 62.05
2318 ; 22.87 ; 62.04
2320 ; 22.87 ; 62.04
2322 ; 22.87 ; 62.04
2324 ; 22.87 ; 62.04
2326 ; 22.87 ; 62.04
2328 ; 22.87 ; 62.04
2330 ; 22.87 ; 62.05
2332 ; 22.87 ; 62.05
2334 ; 22.87 ; 62.03
2336 ; 22.87 ; 62.05
2338 ; 22.87 ; 62.04
2340 ; 22.86 ; 62.04
2342 ; 22.87 ; 62.04
2344 ; 22.87 ; 62.04
2346 ; 22.87 ; 62.05
2348 ; 22.87 ; 62.04
2350 ; 22.87 ; 62.05
2352 ; 22.87 ; 62.05
2354 ; 22.87 ; 62.04
2356 ; 22.86 ; 62.04
2358 ; 22.87 ; 62.04
2360 ; 22.87 ; 62.04
2362 ; 22.87 ; 62.05
2364 ; 22.87 ; 62.05
2366 ; 22.87 ; 62.04
2368 ; 22.87 ; 62.05
2370 ; 22.88 ; 62.04
2372 ; 22.87 ; 62.05
2374 ; 22.87 ; 62.08
2376 ; 22.87 ; 62.04
2378 ; 22.87 ; 62.05
2380 ; 22.87 ; 62.08
2382 ; 22.87 ; 62.04
2384 ; 22.87 ; 62.06
2386 ; 22.87 ; 62.07
2388 ; 22.87 ; 62.07
2390 ; 22.87 ; 62.05
2392 ; 22.87 ; 62.05
2394 ; 22.87 ; 62.05
2396 ; 22.87 ; 62.06
2398 ; 22.87 ; 62.06
2400 ; 22.87 ; 62.06
2402 ; 22.87 ; 62.06
2404 ; 22.87 ; 62.06
2406 ; 22.87 ; 62.09
2408 ; 22.87 ; 62.10
2410 ; 22.87 ; 62.09
2412 ; 22.87 ; 62.09
2414 ; 22.87 ; 62.11
2416 ; 22.87 ; 62.10
2418 ; 22.87 ; 62.09
2420 ; 22.87 ; 62.07
2422 ; 22.87 ; 62.08
2424 ; 22.87 ; 62.09
2426 ; 22.87 ; 62.10
2428 ; 22.87 ; 62.10
2430 ; 22.87 ; 62.09
2432 ; 22.87 ; 62.10
2434 ; 22.87 ; 62.07
2436 ; 22.88 ; 62.08
2438 ; 22.87 ; 62.08
2440 ; 22.87 ; 62.07
2442 ; 22.87 ; 62.10
2444 ; 22.87 ; 62.10
2446 ; 22.88 ; 62.10
2448 ; 22.87 ; 62.10
2450 ; 22.87 ; 62.10
2452 ; 22.87 ; 62.10
2454 ; 22.87 ; 62.10
2456 ; 22.87 ; 62.09
2458 ; 22.87 ; 62.10
2460 ; 22.87 ; 62.10
2462 ; 22.88 ; 62.09
2464 ; 22.88 ; 62.07
2466 ; 22.87 ; 62.08
2468 ; 22.87 ; 62.10
2470 ; 22.87 ; 62.09
2472 ; 22.88 ; 62.09
2474 ; 22.87 ; 62.09
2476 ; 22.88 ; 62.10
2478 ; 22.88 ; 62.09
2480 ; 22.88 ; 62.09
2482 ; 22.87 ; 62.10
2484 ; 22.88 ; 62.09
2486 ; 22.88 ; 62.10
2488 ; 22.88 ; 62.12
2490 ; 22.88 ; 62.11
2492 ; 22.88 ; 62.10
2494 ; 22.88 ; 62.10
2496 ; 22.88 ; 62.11
2498 ; 22.88 ; 62.11
2500 ; 22.88 ; 62.09
2502 ; 22.88 ; 62.10
2504 ; 22.89 ; 62.10
2506 ; 22.89 ; 62.10
2508 ; 22.88 ; 62.08
2510 ; 22.88 ; 62.09
2512 ; 22.88 ; 62.10
2514 ; 22.88 ; 62.10
2516 ; 22.88 ; 62.10
2518 ; 22.88 ; 62.10
2520 ; 22.88 ; 62.10
2522 ; 22.89 ; 62.08
2524 ; 22.88 ; 62.10
2526 ; 22.88 ; 62.10
2528 ; 22.88 ; 62.09
2530 ; 22.88 ; 62.10
2532 ; 22.88 ; 62.10
2534 ; 22.88 ; 62.12
2536 ; 22.88 ; 62.11
2538 ; 22.88 ; 62.10
2540 ; 22.88 ; 62.11
2542 ; 22.88 ; 62.11
2544 ; 22.89 ; 62.11
2546 ; 22.89 ; 62.10
2548 ; 22.89 ; 62.10
2550 ; 22.88 ; 62.09
2552 ; 22.89 ; 62.10
2554 ; 22.88 ; 62.10
2556 ; 22.88 ; 62.10
2558 ; 22.89 ; 62.10
2560 ; 22.89 ; 62.09
2562 ; 22.89 ; 62.09
2564 ; 22.89 ; 62.10
2566 ; 22.89 ; 62.10
2568 ; 22.89 ; 62.10
2570 ; 22.89 ; 62.10
2572 ; 22.89 ; 62.09
2574 ; 22.89 ; 62.10
2576 ; 22.89 ; 62.10
2578 ; 22.89 ; 62.10
2580 ; 22.89 ; 62.10
2582 ; 22.89 ; 62.10
2584 ; 22.89 ; 62.11
2586 ; 22.89 ; 62.10
2588 ; 22.89 ; 62.11
2590 ; 22.89 ; 62.11
2592 ; 22.89 ; 62.11
2594 ; 22.89 ; 62.11
2596 ; 22.89 ; 62.12
2598 ; 22.88 ; 62.12
2600 ; 22.88 ; 62.12
2602 ; 22.88 ; 62.12
2604 ; 22.88 ; 62.12
2606 ; 22.88 ; 62.10
2608 ; 22.88 ; 62.12
2610 ; 22.88 ; 62.12
2612 ; 22.88 ; 62.11
2614 ; 22.88 ; 62.11
2616 ; 22.88 ; 62.11
2618 ; 22.88 ; 62.11
2620 ; 22.88 ; 62.13
2622 ; 22.89 ; 62.13
2624 ; 22.88 ; 62.13
2626 ; 22.89 ; 62.14
2628 ; 22.88 ; 62.14
2630 ; 22.88 ; 62.14
2632 ; 22.88 ; 62.13
2634 ; 22.88 ; 62.13
2636 ; 22.88 ; 62.13
2638 ; 22.88 ; 62.13
2640 ; 22.89 ; 62.13
2642 ; 22.88 ; 62.13
2644 ; 22.88 ; 62.13
2646 ; 22.88 ; 62.13
2648 ; 22.88 ; 62.14
2650 ; 22.88 ; 62.14
2652 ; 22.88 ; 62.16
2654 ; 22.89 ; 62.16
2656 ; 22.89 ; 62.13
2658 ; 22.89 ; 62.13
2660 ; 22.88 ; 62.14
2662 ; 22.89 ; 62.13
2664 ; 22.88 ; 62.14
2666 ; 22.88 ; 62.14
2668 ; 22.89 ; 62.16
2670 ; 22.89 ; 62.16
2672 ; 22.89 ; 62.16
2674 ; 22.88 ; 62.18
2676 ; 22.89 ; 62.16
2678 ; 22.88 ; 62.17
2680 ; 22.88 ; 62.18
2682 ; 22.88 ; 62.17
2684 ; 22.88 ; 62.18
2686 ; 22.88 ; 62.19
2688 ; 22.88 ; 62.17
2690 ; 22.88 ; 62.18
2692 ; 22.89 ; 62.19
2694 ; 22.89 ; 62.17
2696 ; 22.89 ; 62.16
2698 ; 22.88 ; 62.17
2700 ; 22.88 ; 62.16
2702 ; 22.88 ; 62.17
2704 ; 22.88 ; 62.17
2706 ; 22.88 ; 62.18
2708 ; 22.89 ; 62.17
2710 ; 22.89 ; 62.17
2712 ; 22.89 ; 62.17
2714 ; 22.89 ; 62.17
2716 ; 22.89 ; 62.18
2718 ; 22.89 ; 62.16
2720 ; 22.89 ; 62.14
2722 ; 22.89 ; 62.14
2724 ; 22.89 ; 62.16
2726 ; 22.89 ; 62.17
2728 ; 22.89 ; 62.17
2730 ; 22.89 ; 62.17
2732 ; 22.89 ; 62.18
2734 ; 22.89 ; 62.18
2736 ; 22.89 ; 62.18
2738 ; 22.89 ; 62.17
2740 ; 22.89 ; 62.17
2742 ; 22.89 ; 62.18
2744 ; 22.89 ; 62.18
2746 ; 22.89 ; 62.17
2748 ; 22.89 ; 62.17
2750 ; 22.89 ; 62.17
2752 ; 22.89 ; 62.18
2754 ; 22.89 ; 62.18
2756 ; 22.89 ; 62.17
2758 ; 22.89 ; 62.16
2760 ; 22.88 ; 62.17
2762 ; 22.89 ; 62.17
2764 ; 22.89 ; 62.16
2766 ; 22.89 ; 62.16
2768 ; 22.89 ; 62.17
2770 ; 22.89 ; 62.16
2772 ; 22.89 ; 62.17
2774 ; 22.89 ; 62.18
2776 ; 22.89 ; 62.17
2778 ; 22.88 ; 62.17
2780 ; 22.89 ; 62.19
2782 ; 22.89 ; 62.19
2784 ; 22.89 ; 62.18
2786 ; 22.90 ; 62.18
2788 ; 22.90 ; 62.17
2790 ; 22.89 ; 62.17
2792 ; 22.90 ; 62.16
2794 ; 22.90 ; 62.16
2796 ; 22.90 ; 62.15
2798 ; 22.90 ; 62.13
2800 ; 22.90 ; 62.15
2802 ; 22.90 ; 62.15
2804 ; 22.91 ; 62.14
2806 ; 22.91 ; 62.15
2808 ; 22.91 ; 62.13
2810 ; 22.90 ; 62.13
2812 ; 22.91 ; 62.11
2814 ; 22.90 ; 62.12
2816 ; 22.90 ; 62.12
2818 ; 22.90 ; 62.11
2820 ; 22.91 ; 62.14
2822 ; 22.91 ; 62.11
2824 ; 22.91 ; 62.11
2826 ; 22.91 ; 62.10
2828 ; 22.91 ; 62.10
2830 ; 22.91 ; 62.10
2832 ; 22.91 ; 62.09
2834 ; 22.90 ; 62.09
2836 ; 22.91 ; 62.09
2838 ; 22.91 ; 62.08
2840 ; 22.90 ; 62.08
2842 ; 22.90 ; 62.08
2844 ; 22.90 ; 62.09
2846 ; 22.90 ; 62.08
2848 ; 22.90 ; 62.08
2850 ; 22.90 ; 62.08
2852 ; 22.90 ; 62.10
2854 ; 22.90 ; 62.10
2856 ; 22.90 ; 62.08
2858 ; 22.90 ; 62.08
2860 ; 22.90 ; 62.09
2862 ; 22.90 ; 62.10
2864 ; 22.89 ; 62.09
2866 ; 22.89 ; 62.08
2868 ; 22.89 ; 62.08
2870 ; 22.89 ; 62.08
2872 ; 22.89 ; 62.08
2874 ; 22.89 ; 62.08
2876 ; 22.89 ; 62.08
2878 ; 22.89 ; 62.08
2880 ; 22.89 ; 62.09
2882 ; 22.89 ; 62.09
2884 ; 22.89 ; 62.11
2886 ; 22.89 ; 62.10
2888 ; 22.89 ; 62.10
2890 ; 22.89 ; 62.10
2892 ; 22.89 ; 62.08
2894 ; 22.89 ; 62.08
2896 ; 22.89 ; 62.08
2898 ; 22.89 ; 62.08
2900 ; 22.89 ; 62.08
2902 ; 22.89 ; 62.08
2904 ; 22.88 ; 62.10
2906 ; 22.88 ; 62.08
2908 ; 22.88 ; 62.10
2910 ; 22.89 ; 62.09
2912 ; 22.88 ; 62.09
2914 ; 22.89 ; 62.08
2916 ; 22.89 ; 62.08
2918 ; 22.88 ; 62.08
2920 ; 22.89 ; 62.08
2922 ; 22.88 ; 62.08
2924 ; 22.88 ; 62.05
2926 ; 22.88 ; 62.07
2928 ; 22.88 ; 62.08
2930 ; 22.88 ; 62.08
2932 ; 22.88 ; 62.08
2934 ; 22.89 ; 62.07
2936 ; 22.88 ; 62.07
2938 ; 22.89 ; 62.05
2940 ; 22.89 ; 62.07
2942 ; 22.88 ; 62.08
2944 ; 22.89 ; 62.05
2946 ; 22.88 ; 62.07
2948 ; 22.88 ; 62.07
2950 ; 22.88 ; 62.07
2952 ; 22.88 ; 62.05
2954 ; 22.88 ; 62.05
2956 ; 22.88 ; 62.04
2958 ; 22.88 ; 62.07
2960 ; 22.88 ; 62.05
2962 ; 22.88 ; 62.05
2964 ; 22.88 ; 62.05
2966 ; 22.88 ; 62.07
2968 ; 22.88 ; 62.08
2970 ; 22.88 ; 62.08
2972 ; 22.88 ; 62.07
2974 ; 22.88 ; 62.08
2976 ; 22.88 ; 62.07
2978 ; 22.88 ; 62.07
2980 ; 22.87 ; 62.08
2982 ; 22.87 ; 62.05
2984 ; 22.87 ; 62.07
2986 ; 22.88 ; 62.07
2988 ; 22.87 ; 62.07
2990 ; 22.88 ; 62.05
2992 ; 22.88 ; 62.05
2994 ; 22.87 ; 62.05
2996 ; 22.88 ; 62.08
2998 ; 22.88 ; 62.07
3000 ; 22.87 ; 62.08
3002 ; 22.88 ; 62.07
3004 ; 22.88 ; 62.08
3006 ; 22.88 ; 62.07
3008 ; 22.88 ; 62.08
3010 ; 22.88 ; 62.05
3012 ; 22.88 ; 62.07
3014 ; 22.88 ; 62.05
3016 ; 22.88 ; 62.04
3018 ; 22.88 ; 62.04
3020 ; 22.88 ; 62.04
3022 ; 22.87 ; 62.03
3024 ; 22.88 ; 62.04
3026 ; 22.88 ; 62.03
3028 ; 22.88 ; 62.03
3030 ; 22.87 ; 62.04
3032 ; 22.88 ; 62.05
3034 ; 22.88 ; 62.04
3036 ; 22.88 ; 62.04
3038 ; 22.88 ; 62.04
3040 ; 22.88 ; 62.02
3042 ; 22.88 ; 62.03
3044 ; 22.88 ; 62.03
3046 ; 22.88 ; 62.04
3048 ; 22.88 ; 62.04
3050 ; 22.88 ; 62.04
3052 ; 22.88 ; 62.03
3054 ; 22.88 ; 62.04
3056 ; 22.88 ; 62.04
3058 ; 22.88 ; 62.05
3060 ; 22.88 ; 62.03
3062 ; 22.87 ; 62.03
3064 ; 22.88 ; 62.03
3066 ; 22.88 ; 62.03
3068 ; 22.88 ; 62.04
3070 ; 22.87 ; 62.05
3072 ; 22.88 ; 62.07
3074 ; 22.88 ; 62.05
3076 ; 22.88 ; 62.05
3078 ; 22.88 ; 62.04
3080 ; 22.88 ; 62.04
3082 ; 22.87 ; 62.04
3084 ; 22.87 ; 62.05
3086 ; 22.87 ; 62.05
3088 ; 22.87 ; 62.04
3090 ; 22.87 ; 62.05
3092 ; 22.87 ; 62.04
3094 ; 22.87 ; 62.04
3096 ; 22.87 ; 62.04
3098 ; 22.87 ; 62.05
3100 ; 22.87 ; 62.06
3102 ; 22.87 ; 62.05
3104 ; 22.87 ; 62.05
3106 ; 22.87 ; 62.07
3108 ; 22.87 ; 62.07
3110 ; 22.86 ; 62.09
3112 ; 22.86 ; 62.09
3114 ; 22.87 ; 62.09
3116 ; 22.87 ; 62.09
3118 ; 22.87 ; 62.10
3120 ; 22.87 ; 62.10
3122 ; 22.87 ; 62.09
3124 ; 22.88 ; 62.09
3126 ; 22.88 ; 62.09
3128 ; 22.88 ; 62.08
3130 ; 22.87 ; 62.08
3132 ; 22.87 ; 62.08
3134 ; 22.87 ; 62.08
3136 ; 22.88 ; 62.09
3138 ; 22.87 ; 62.08
3140 ; 22.87 ; 62.07
3142 ; 22.88 ; 62.07
3144 ; 22.87 ; 62.08
3146 ; 22.87 ; 62.08
3148 ; 22.87 ; 62.09
3150 ; 22.87 ; 62.08
3152 ; 22.87 ; 62.09
3154 ; 22.87 ; 62.09
3156 ; 22.87 ; 62.11
3158 ; 22.87 ; 62.10
3160 ; 22.87 ; 62.09
3162 ; 22.87 ; 62.10
3164 ; 22.86 ; 62.09
3166 ; 22.87 ; 62.09
3168 ; 22.86 ; 62.09
3170 ; 22.86 ; 62.07
3172 ; 22.87 ; 62.09
3174 ; 22.86 ; 62.10
3176 ; 22.87 ; 62.07
3178 ; 22.87 ; 62.10
3180 ; 22.86 ; 62.10
3182 ; 22.86 ; 62.09
3184 ; 22.87 ; 62.10
3186 ; 22.86 ; 62.10
3188 ; 22.87 ; 62.09
3190 ; 22.86 ; 62.09
3192 ; 22.86 ; 62.10
3194 ; 22.87 ; 62.10
3196 ; 22.86 ; 62.10
3198 ; 22.86 ; 62.10
3200 ; 22.86 ; 62.12
3202 ; 22.86 ; 62.10
3204 ; 22.86 ; 62.10
3206 ; 22.86 ; 62.10
3208 ; 22.86 ; 62.10
3210 ; 22.86 ; 62.10
3212 ; 22.86 ; 62.10
3214 ; 22.86 ; 62.11
3216 ; 22.86 ; 62.11
3218 ; 22.86 ; 62.11
3220 ; 22.86 ; 62.11
3222 ; 22.87 ; 62.10
3224 ; 22.86 ; 62.11
3226 ; 22.86 ; 62.11
3228 ; 22.86 ; 62.11
3230 ; 22.86 ; 62.11
3232 ; 22.86 ; 62.09
3234 ; 22.86 ; 62.10
3236 ; 22.86 ; 62.11
3238 ; 22.86 ; 62.11
3240 ; 22.87 ; 62.10
3242 ; 22.87 ; 62.11
3244 ; 22.87 ; 62.12
3246 ; 22.87 ; 62.11
3248 ; 22.87 ; 62.11
3250 ; 22.86 ; 62.10
3252 ; 22.87 ; 62.11
3254 ; 22.87 ; 62.10
3256 ; 22.87 ; 62.11
3258 ; 22.87 ; 62.10
3260 ; 22.87 ; 62.10
3262 ; 22.87 ; 62.10
3264 ; 22.87 ; 62.09
3266 ; 22.88 ; 62.08
3268 ; 22.87 ; 62.08
3270 ; 22.88 ; 62.07
3272 ; 22.87 ; 62.05
3274 ; 22.88 ; 62.08
3276 ; 22.87 ; 62.09
3278 ; 22.87 ; 62.09
3280 ; 22.87 ; 62.08
3282 ; 22.87 ; 62.08
3284 ; 22.87 ; 62.09
3286 ; 22.87 ; 62.09
3288 ; 22.87 ; 62.07
3290 ; 22.87 ; 62.08
3292 ; 22.88 ; 62.08
3294 ; 22.87 ; 62.08
3296 ; 22.87 ; 62.08
3298 ; 22.88 ; 62.08
3300 ; 22.87 ; 62.08
3302 ; 22.88 ; 62.08
3304 ; 22.87 ; 62.09
3306 ; 22.87 ; 62.08
3308 ; 22.87 ; 62.09
3310 ; 22.87 ; 62.09
3312 ; 22.87 ; 62.09
3314 ; 22.87 ; 62.08
3316 ; 22.87 ; 62.08
3318 ; 22.87 ; 62.09
3320 ; 22.86 ; 62.10
3322 ; 22.87 ; 62.10
3324 ; 22.87 ; 62.11
