=~=~=~=~=~=~=~=~=~=~=~= PuTTY log 2026.07.23 01:51:55 =~=~=~=~=~=~=~=~=~=~=~=
5.0 ; 22.68 ; 62.60
7.2 ; 22.68 ; 62.60
9.3 ; 22.68 ; 62.62
11.5 ; 22.68 ; 62.62
13.6 ; 22.68 ; 62.61
15.7 ; 22.68 ; 62.64
17.9 ; 22.68 ; 62.62
20.0 ; 22.68 ; 62.62
22.2 ; 22.68 ; 62.64
24.3 ; 22.68 ; 62.60
26.5 ; 22.68 ; 62.63
28.6 ; 22.68 ; 62.63
30.8 ; 22.68 ; 62.65
32.9 ; 22.68 ; 62.63
35.0 ; 22.68 ; 62.65
37.2 ; 22.68 ; 62.67
39.3 ; 22.68 ; 62.68
41.5 ; 22.68 ; 62.65
43.6 ; 22.68 ; 62.65
45.8 ; 22.68 ; 62.68
47.9 ; 22.68 ; 62.70
50.1 ; 22.68 ; 62.68
52.2 ; 22.68 ; 62.69
54.3 ; 22.68 ; 62.70
56.5 ; 22.68 ; 62.68
58.6 ; 22.68 ; 62.69
60.8 ; 22.68 ; 62.69
62.9 ; 22.68 ; 62.70
65.1 ; 22.68 ; 62.68
67.2 ; 22.68 ; 62.69
69.4 ; 22.68 ; 62.70
71.5 ; 22.68 ; 62.70
73.6 ; 22.68 ; 62.70
75.8 ; 22.68 ; 62.69
77.9 ; 22.68 ; 62.70
80.1 ; 22.68 ; 62.69
82.2 ; 22.68 ; 62.69
84.4 ; 22.68 ; 62.68
86.5 ; 22.68 ; 62.70
88.7 ; 22.68 ; 62.70
90.8 ; 22.68 ; 62.71
92.9 ; 22.68 ; 62.71
95.1 ; 22.68 ; 62.71
97.2 ; 22.68 ; 62.70
99.4 ; 22.68 ; 62.69
101.5 ; 22.68 ; 62.71
103.7 ; 22.68 ; 62.70
105.8 ; 22.68 ; 62.71
108.0 ; 22.68 ; 62.71
110.1 ; 22.68 ; 62.71
112.2 ; 22.68 ; 62.71
114.4 ; 22.68 ; 62.71
116.5 ; 22.68 ; 62.71
118.7 ; 22.68 ; 62.70
120.8 ; 22.68 ; 62.71
123.0 ; 22.68 ; 62.71
125.1 ; 22.68 ; 62.70
127.3 ; 22.68 ; 62.70
129.4 ; 22.68 ; 62.71
131.5 ; 22.68 ; 62.71
133.7 ; 22.68 ; 62.71
135.8 ; 22.68 ; 62.71
138.0 ; 22.68 ; 62.71
140.1 ; 22.68 ; 62.71
142.3 ; 22.68 ; 62.71
144.4 ; 22.68 ; 62.71
146.6 ; 22.68 ; 62.70
148.7 ; 22.68 ; 62.70
150.8 ; 22.68 ; 62.70
153.0 ; 22.68 ; 62.70
155.1 ; 22.68 ; 62.71
157.3 ; 22.68 ; 62.71
159.4 ; 22.68 ; 62.71
161.6 ; 22.68 ; 62.70
163.7 ; 22.68 ; 62.70
165.9 ; 22.68 ; 62.71
168.0 ; 22.68 ; 62.71
170.1 ; 22.68 ; 62.70
172.3 ; 22.68 ; 62.71
174.4 ; 22.68 ; 62.70
176.6 ; 22.68 ; 62.70
178.7 ; 22.68 ; 62.70
180.9 ; 22.68 ; 62.70
183.0 ; 22.68 ; 62.70
185.2 ; 22.68 ; 62.70
187.3 ; 22.68 ; 62.71
189.4 ; 22.68 ; 62.70
191.6 ; 22.68 ; 62.71
193.7 ; 22.68 ; 62.70
195.9 ; 22.68 ; 62.71
198.0 ; 22.68 ; 62.70
200.2 ; 22.68 ; 62.71
202.3 ; 22.68 ; 62.71
204.5 ; 22.68 ; 62.71
206.6 ; 22.68 ; 62.70
208.7 ; 22.68 ; 62.71
210.9 ; 22.68 ; 62.70
213.0 ; 22.68 ; 62.70
215.2 ; 22.68 ; 62.71
217.3 ; 22.68 ; 62.71
219.5 ; 22.68 ; 62.70
221.6 ; 22.68 ; 62.70
223.8 ; 22.68 ; 62.70
225.9 ; 22.68 ; 62.71
228.0 ; 22.68 ; 62.70
230.2 ; 22.68 ; 62.70
232.3 ; 22.68 ; 62.70
234.5 ; 22.68 ; 62.71
236.6 ; 22.68 ; 62.70
238.8 ; 22.68 ; 62.70
240.9 ; 22.68 ; 62.70
243.1 ; 22.68 ; 62.70
245.2 ; 22.68 ; 62.69
247.3 ; 22.68 ; 62.69
249.5 ; 22.68 ; 62.71
251.6 ; 22.68 ; 62.70
253.8 ; 22.68 ; 62.71
255.9 ; 22.68 ; 62.71
258.1 ; 22.68 ; 62.71
260.2 ; 22.68 ; 62.70
262.4 ; 22.68 ; 62.70
264.5 ; 22.68 ; 62.71
266.6 ; 22.69 ; 62.69
268.8 ; 22.68 ; 62.70
270.9 ; 22.68 ; 62.70
273.1 ; 22.68 ; 62.70
275.2 ; 22.68 ; 62.71
277.4 ; 22.68 ; 62.71
279.5 ; 22.68 ; 62.70
281.7 ; 22.68 ; 62.70
283.8 ; 22.68 ; 62.72
285.9 ; 22.68 ; 62.71
288.1 ; 22.68 ; 62.71
290.2 ; 22.69 ; 62.69
292.4 ; 22.68 ; 62.71
294.5 ; 22.68 ; 62.71
296.7 ; 22.68 ; 62.72
298.8 ; 22.69 ; 62.69
301.0 ; 22.68 ; 62.71
303.1 ; 22.68 ; 62.71
305.2 ; 22.68 ; 62.71
307.4 ; 22.68 ; 62.70
309.5 ; 22.69 ; 62.71
311.7 ; 22.68 ; 62.71
313.8 ; 22.68 ; 62.70
316.0 ; 22.68 ; 62.70
318.1 ; 22.68 ; 62.70
320.3 ; 22.68 ; 62.73
322.4 ; 22.69 ; 62.69
324.5 ; 22.68 ; 62.73
326.7 ; 22.68 ; 62.73
328.8 ; 22.68 ; 62.73
331.0 ; 22.68 ; 62.71
333.1 ; 22.68 ; 62.71
335.3 ; 22.68 ; 62.73
337.4 ; 22.68 ; 62.71
339.6 ; 22.68 ; 62.71
341.7 ; 22.68 ; 62.71
343.8 ; 22.68 ; 62.71
346.0 ; 22.68 ; 62.72
348.1 ; 22.68 ; 62.74
350.3 ; 22.68 ; 62.73
352.4 ; 22.68 ; 62.71
354.6 ; 22.68 ; 62.71
356.7 ; 22.68 ; 62.72
358.9 ; 22.68 ; 62.73
361.0 ; 22.68 ; 62.73
363.1 ; 22.68 ; 62.72
365.3 ; 22.68 ; 62.71
367.4 ; 22.68 ; 62.73
369.6 ; 22.68 ; 62.71
371.7 ; 22.68 ; 62.72
373.9 ; 22.68 ; 62.72
376.0 ; 22.68 ; 62.72
378.2 ; 22.68 ; 62.71
380.3 ; 22.68 ; 62.73
382.4 ; 22.68 ; 62.73
384.6 ; 22.68 ; 62.70
386.7 ; 22.68 ; 62.73
388.9 ; 22.68 ; 62.71
391.0 ; 22.68 ; 62.74
393.2 ; 22.68 ; 62.72
395.3 ; 22.68 ; 62.72
397.5 ; 22.68 ; 62.73
399.6 ; 22.68 ; 62.72
401.7 ; 22.68 ; 62.73
403.9 ; 22.68 ; 62.72
406.0 ; 22.68 ; 62.71
408.2 ; 22.68 ; 62.72
410.3 ; 22.68 ; 62.73
412.5 ; 22.68 ; 62.76
414.6 ; 22.68 ; 62.76
416.8 ; 22.68 ; 62.73
418.9 ; 22.68 ; 62.73
421.0 ; 22.68 ; 62.72
423.2 ; 22.68 ; 62.73
425.3 ; 22.68 ; 62.73
427.5 ; 22.68 ; 62.77
429.6 ; 22.68 ; 62.76
431.8 ; 22.68 ; 62.76
433.9 ; 22.68 ; 62.73
436.1 ; 22.68 ; 62.74
438.2 ; 22.68 ; 62.75
440.3 ; 22.68 ; 62.73
442.5 ; 22.68 ; 62.73
444.6 ; 22.68 ; 62.71
446.8 ; 22.68 ; 62.71
448.9 ; 22.68 ; 62.73
451.1 ; 22.68 ; 62.73
453.2 ; 22.68 ; 62.71
455.4 ; 22.68 ; 62.72
457.5 ; 22.68 ; 62.73
459.6 ; 22.68 ; 62.74
461.8 ; 22.68 ; 62.73
463.9 ; 22.68 ; 62.73
466.1 ; 22.68 ; 62.74
468.2 ; 22.68 ; 62.73
470.4 ; 22.68 ; 62.75
472.5 ; 22.68 ; 62.72
474.7 ; 22.68 ; 62.72
476.8 ; 22.68 ; 62.72
478.9 ; 22.68 ; 62.71
481.1 ; 22.68 ; 62.71
483.2 ; 22.68 ; 62.73
485.4 ; 22.68 ; 62.71
487.5 ; 22.68 ; 62.73
489.7 ; 22.68 ; 62.72
491.8 ; 22.68 ; 62.71
494.0 ; 22.68 ; 62.73
496.1 ; 22.68 ; 62.71
498.2 ; 22.68 ; 62.74
500.4 ; 22.68 ; 62.73
502.5 ; 22.68 ; 62.74
504.7 ; 22.68 ; 62.76
506.8 ; 22.68 ; 62.72
509.0 ; 22.68 ; 62.71
511.1 ; 22.68 ; 62.72
513.3 ; 22.68 ; 62.72
515.4 ; 22.68 ; 62.73
517.5 ; 22.68 ; 62.73
519.7 ; 22.68 ; 62.73
521.8 ; 22.68 ; 62.73
524.0 ; 22.68 ; 62.71
526.1 ; 22.68 ; 62.72
528.3 ; 22.68 ; 62.73
530.4 ; 22.68 ; 62.71
532.6 ; 22.68 ; 62.72
534.7 ; 22.68 ; 62.72
536.8 ; 22.68 ; 62.71
539.0 ; 22.68 ; 62.71
541.1 ; 22.68 ; 62.71
543.3 ; 22.68 ; 62.73
545.4 ; 22.68 ; 62.72
547.6 ; 22.68 ; 62.73
549.7 ; 22.68 ; 62.73
551.9 ; 22.68 ; 62.71
554.0 ; 22.68 ; 62.72
556.1 ; 22.68 ; 62.72
558.3 ; 22.68 ; 62.72
560.4 ; 22.68 ; 62.72
562.6 ; 22.68 ; 62.72
564.7 ; 22.68 ; 62.72
566.9 ; 22.68 ; 62.73
569.0 ; 22.68 ; 62.71
571.2 ; 22.68 ; 62.71
573.3 ; 22.68 ; 62.73
575.4 ; 22.68 ; 62.72
577.6 ; 22.68 ; 62.73
579.7 ; 22.68 ; 62.72
581.9 ; 22.68 ; 62.73
584.0 ; 22.68 ; 62.71
586.2 ; 22.68 ; 62.74
588.3 ; 22.68 ; 62.71
590.5 ; 22.68 ; 62.71
592.6 ; 22.68 ; 62.71
594.7 ; 22.68 ; 62.71
596.9 ; 22.68 ; 62.71
599.0 ; 22.68 ; 62.72
601.2 ; 22.68 ; 62.72
603.3 ; 22.68 ; 62.73
605.5 ; 22.68 ; 62.72
607.6 ; 22.68 ; 62.73
609.8 ; 22.68 ; 62.76
611.9 ; 22.68 ; 62.73
614.0 ; 22.68 ; 62.73
616.2 ; 22.68 ; 62.73
618.3 ; 22.68 ; 62.72
620.5 ; 22.68 ; 62.71
622.6 ; 22.68 ; 62.73
624.8 ; 22.68 ; 62.73
626.9 ; 22.68 ; 62.73
629.1 ; 22.68 ; 62.72
631.2 ; 22.68 ; 62.71
633.3 ; 22.68 ; 62.71
635.5 ; 22.68 ; 62.73
637.6 ; 22.68 ; 62.72
639.8 ; 22.68 ; 62.73
641.9 ; 22.68 ; 62.71
644.1 ; 22.68 ; 62.73
646.2 ; 22.68 ; 62.72
648.4 ; 22.68 ; 62.71
650.5 ; 22.68 ; 62.76
652.6 ; 22.68 ; 62.75
654.8 ; 22.68 ; 62.73
656.9 ; 22.68 ; 62.76
659.1 ; 22.68 ; 62.72
661.2 ; 22.68 ; 62.76
663.4 ; 22.68 ; 62.74
665.5 ; 22.68 ; 62.73
667.7 ; 22.68 ; 62.74
669.8 ; 22.68 ; 62.75
671.9 ; 22.68 ; 62.78
674.1 ; 22.68 ; 62.74
676.2 ; 22.68 ; 62.73
678.4 ; 22.68 ; 62.71
680.5 ; 22.68 ; 62.72
682.7 ; 22.68 ; 62.73
684.8 ; 22.68 ; 62.76
687.0 ; 22.68 ; 62.73
689.1 ; 22.68 ; 62.75
691.2 ; 22.68 ; 62.73
693.4 ; 22.68 ; 62.75
695.5 ; 22.68 ; 62.73
697.7 ; 22.68 ; 62.74
699.8 ; 22.68 ; 62.74
702.0 ; 22.68 ; 62.76
704.1 ; 22.68 ; 62.76
706.3 ; 22.68 ; 62.74
708.4 ; 22.68 ; 62.76
710.5 ; 22.68 ; 62.78
712.7 ; 22.68 ; 62.74
714.8 ; 22.68 ; 62.74
717.0 ; 22.68 ; 62.77
719.1 ; 22.68 ; 62.73
721.3 ; 22.68 ; 62.75
723.4 ; 22.68 ; 62.74
725.6 ; 22.68 ; 62.78
727.7 ; 22.68 ; 62.75
729.8 ; 22.68 ; 62.82
732.0 ; 22.68 ; 62.77
734.1 ; 22.68 ; 62.81
736.3 ; 22.68 ; 62.78
738.4 ; 22.68 ; 62.82
740.6 ; 22.68 ; 62.81
742.7 ; 22.68 ; 62.78
744.9 ; 22.68 ; 62.78
747.0 ; 22.68 ; 62.80
749.1 ; 22.68 ; 62.80
751.3 ; 22.68 ; 62.80
753.4 ; 22.68 ; 62.78
755.6 ; 22.68 ; 62.75
757.7 ; 22.68 ; 62.76
759.9 ; 22.68 ; 62.78
762.0 ; 22.68 ; 62.80
764.2 ; 22.68 ; 62.76
766.3 ; 22.68 ; 62.80
768.4 ; 22.68 ; 62.78
770.6 ; 22.68 ; 62.75
772.7 ; 22.68 ; 62.81
774.9 ; 22.68 ; 62.78
777.0 ; 22.68 ; 62.78
779.2 ; 22.68 ; 62.81
781.3 ; 22.68 ; 62.78
783.5 ; 22.68 ; 62.77
785.6 ; 22.68 ; 62.80
787.7 ; 22.68 ; 62.82
789.9 ; 22.68 ; 62.80
792.0 ; 22.68 ; 62.85
794.2 ; 22.68 ; 62.84
796.3 ; 22.68 ; 62.83
798.5 ; 22.68 ; 62.80
800.6 ; 22.68 ; 62.80
802.8 ; 22.68 ; 62.84
804.9 ; 22.68 ; 62.83
807.0 ; 22.68 ; 62.83
809.2 ; 22.68 ; 62.82
811.3 ; 22.68 ; 62.83
813.5 ; 22.68 ; 62.82
815.6 ; 22.68 ; 62.79
817.8 ; 22.68 ; 62.83
819.9 ; 22.68 ; 62.78
822.1 ; 22.68 ; 62.81
824.2 ; 22.68 ; 62.81
826.3 ; 22.68 ; 62.82
828.5 ; 22.68 ; 62.83
830.6 ; 22.68 ; 62.86
832.8 ; 22.68 ; 62.80
834.9 ; 22.68 ; 62.83
837.1 ; 22.68 ; 62.82
839.2 ; 22.68 ; 62.83
841.4 ; 22.68 ; 62.83
843.5 ; 22.68 ; 62.82
845.6 ; 22.68 ; 62.82
847.8 ; 22.68 ; 62.83
849.9 ; 22.68 ; 62.84
852.1 ; 22.68 ; 62.83
854.2 ; 22.68 ; 62.84
856.4 ; 22.68 ; 62.83
858.5 ; 22.68 ; 62.84
860.7 ; 22.68 ; 62.85
862.8 ; 22.68 ; 62.86
864.9 ; 22.68 ; 62.83
867.1 ; 22.68 ; 62.85
869.2 ; 22.68 ; 62.83
871.4 ; 22.68 ; 62.83
873.5 ; 22.68 ; 62.85
875.7 ; 22.68 ; 62.86
877.8 ; 22.68 ; 62.84
880.0 ; 22.68 ; 62.84
882.1 ; 22.68 ; 62.84
884.2 ; 22.68 ; 62.83
886.4 ; 22.68 ; 62.85
888.5 ; 22.68 ; 62.82
890.7 ; 22.68 ; 62.83
892.8 ; 22.68 ; 62.81
895.0 ; 22.68 ; 62.81
897.1 ; 22.68 ; 62.85
899.3 ; 22.68 ; 62.86
901.4 ; 22.68 ; 62.82
903.5 ; 22.68 ; 62.84
905.7 ; 22.68 ; 62.83
907.8 ; 22.68 ; 62.83
910.0 ; 22.68 ; 62.83
912.1 ; 22.68 ; 62.84
914.3 ; 22.68 ; 62.82
916.4 ; 22.68 ; 62.85
918.6 ; 22.68 ; 62.81
920.7 ; 22.68 ; 62.83
922.8 ; 22.68 ; 62.85
925.0 ; 22.68 ; 62.84
927.1 ; 22.68 ; 62.85
929.3 ; 22.68 ; 62.85
931.4 ; 22.68 ; 62.84
933.6 ; 22.67 ; 62.88
935.7 ; 22.68 ; 62.83
937.9 ; 22.68 ; 62.83
940.0 ; 22.67 ; 62.87
942.1 ; 22.68 ; 62.82
944.3 ; 22.68 ; 62.84
946.4 ; 22.68 ; 62.83
948.6 ; 22.68 ; 62.82
950.7 ; 22.68 ; 62.79
952.9 ; 22.68 ; 62.84
955.0 ; 22.68 ; 62.84
957.2 ; 22.68 ; 62.81
959.3 ; 22.68 ; 62.82
961.4 ; 22.68 ; 62.82
963.6 ; 22.68 ; 62.80
965.7 ; 22.68 ; 62.83
967.9 ; 22.68 ; 62.80
970.0 ; 22.68 ; 62.84
972.2 ; 22.68 ; 62.83
974.3 ; 22.68 ; 62.80
976.5 ; 22.68 ; 62.83
978.6 ; 22.68 ; 62.84
980.7 ; 22.68 ; 62.77
982.9 ; 22.68 ; 62.82
985.0 ; 22.68 ; 62.82
987.2 ; 22.68 ; 62.82
989.3 ; 22.68 ; 62.81
991.5 ; 22.68 ; 62.82
993.6 ; 22.68 ; 62.80
995.8 ; 22.68 ; 62.82
997.9 ; 22.68 ; 62.85
1000.0 ; 22.68 ; 62.84
1002.2 ; 22.68 ; 62.82
1004.3 ; 22.68 ; 62.83
1006.5 ; 22.68 ; 62.83
1008.6 ; 22.68 ; 62.84
1010.8 ; 22.68 ; 62.86
1012.9 ; 22.68 ; 62.84
1015.1 ; 22.68 ; 62.84
1017.2 ; 22.68 ; 62.84
1019.3 ; 22.68 ; 62.86
1021.5 ; 22.68 ; 62.84
1023.6 ; 22.68 ; 62.83
1025.8 ; 22.68 ; 62.82
1027.9 ; 22.68 ; 62.84
1030.1 ; 22.68 ; 62.84
1032.2 ; 22.68 ; 62.84
1034.4 ; 22.68 ; 62.82
1036.5 ; 22.68 ; 62.82
1038.6 ; 22.68 ; 62.84
1040.8 ; 22.68 ; 62.83
1042.9 ; 22.68 ; 62.82
1045.1 ; 22.68 ; 62.84
1047.2 ; 22.68 ; 62.84
1049.4 ; 22.68 ; 62.83
1051.5 ; 22.68 ; 62.84
1053.7 ; 22.68 ; 62.83
1055.8 ; 22.68 ; 62.83
1057.9 ; 22.68 ; 62.83
1060.1 ; 22.68 ; 62.86
1062.2 ; 22.68 ; 62.84
1064.4 ; 22.68 ; 62.86
1066.5 ; 22.68 ; 62.86
1068.7 ; 22.68 ; 62.85
1070.8 ; 22.68 ; 62.84
1073.0 ; 22.68 ; 62.84
1075.1 ; 22.68 ; 62.86
1077.2 ; 22.68 ; 62.84
1079.4 ; 22.68 ; 62.85
1081.5 ; 22.68 ; 62.84
1083.7 ; 22.68 ; 62.84
1085.8 ; 22.68 ; 62.85
1088.0 ; 22.68 ; 62.84
1090.1 ; 22.68 ; 62.83
1092.3 ; 22.68 ; 62.85
1094.4 ; 22.68 ; 62.84
1096.5 ; 22.68 ; 62.83
1098.7 ; 22.68 ; 62.86
1100.8 ; 22.68 ; 62.86
1103.0 ; 22.68 ; 62.86
1105.1 ; 22.68 ; 62.84
1107.3 ; 22.68 ; 62.84
1109.4 ; 22.68 ; 62.86
1111.6 ; 22.68 ; 62.85
1113.7 ; 22.68 ; 62.86
1115.8 ; 22.68 ; 62.85
1118.0 ; 22.68 ; 62.85
1120.1 ; 22.67 ; 62.88
1122.3 ; 22.68 ; 62.84
1124.4 ; 22.68 ; 62.85
1126.6 ; 22.68 ; 62.85
1128.7 ; 22.68 ; 62.84
1130.9 ; 22.68 ; 62.84
1133.0 ; 22.68 ; 62.83
1135.1 ; 22.68 ; 62.83
1137.3 ; 22.68 ; 62.83
1139.4 ; 22.68 ; 62.85
1141.6 ; 22.68 ; 62.83
1143.7 ; 22.68 ; 62.83
1145.9 ; 22.68 ; 62.83
1148.0 ; 22.68 ; 62.83
1150.2 ; 22.68 ; 62.83
1152.3 ; 22.68 ; 62.83
1154.4 ; 22.68 ; 62.84
1156.6 ; 22.68 ; 62.83
1158.7 ; 22.68 ; 62.85
1160.9 ; 22.68 ; 62.85
1163.0 ; 22.68 ; 62.85
1165.2 ; 22.68 ; 62.83
1167.3 ; 22.68 ; 62.82
1169.5 ; 22.68 ; 62.85
1171.6 ; 22.68 ; 62.85
1173.7 ; 22.68 ; 62.82
1175.9 ; 22.68 ; 62.83
1178.0 ; 22.68 ; 62.83
1180.2 ; 22.68 ; 62.85
1182.3 ; 22.68 ; 62.86
1184.5 ; 22.68 ; 62.85
1186.6 ; 22.68 ; 62.85
1188.8 ; 22.68 ; 62.85
1190.9 ; 22.68 ; 62.85
1193.0 ; 22.68 ; 62.86
1195.2 ; 22.68 ; 62.85
1197.3 ; 22.68 ; 62.85
1199.5 ; 22.68 ; 62.86
1201.6 ; 22.68 ; 62.86
1203.8 ; 22.68 ; 62.86
1205.9 ; 22.67 ; 62.87
1208.1 ; 22.68 ; 62.85
1210.2 ; 22.68 ; 62.83
1212.3 ; 22.68 ; 62.86
1214.5 ; 22.67 ; 62.87
1216.6 ; 22.68 ; 62.85
1218.8 ; 22.67 ; 62.87
1220.9 ; 22.68 ; 62.85
1223.1 ; 22.68 ; 62.86
1225.2 ; 22.68 ; 62.85
1227.4 ; 22.67 ; 62.87
1229.5 ; 22.67 ; 62.87
1231.6 ; 22.68 ; 62.86
1233.8 ; 22.68 ; 62.85
1235.9 ; 22.67 ; 62.88
1238.1 ; 22.68 ; 62.87
1240.2 ; 22.67 ; 62.87
1242.4 ; 22.68 ; 62.86
1244.5 ; 22.68 ; 62.86
1246.7 ; 22.68 ; 62.86
1248.8 ; 22.68 ; 62.85
1250.9 ; 22.68 ; 62.85
1253.1 ; 22.67 ; 62.89
1255.2 ; 22.68 ; 62.83
1257.4 ; 22.67 ; 62.87
1259.5 ; 22.67 ; 62.87
1261.7 ; 22.68 ; 62.85
1263.8 ; 22.68 ; 62.84
1266.0 ; 22.68 ; 62.86
1268.1 ; 22.68 ; 62.83
1270.2 ; 22.68 ; 62.84
1272.4 ; 22.68 ; 62.85
1274.5 ; 22.68 ; 62.85
1276.7 ; 22.68 ; 62.85
1278.8 ; 22.68 ; 62.84
1281.0 ; 22.68 ; 62.85
1283.1 ; 22.68 ; 62.84
1285.3 ; 22.68 ; 62.83
1287.4 ; 22.68 ; 62.83
1289.5 ; 22.68 ; 62.83
1291.7 ; 22.68 ; 62.83
1293.8 ; 22.68 ; 62.83
1296.0 ; 22.68 ; 62.85
1298.1 ; 22.68 ; 62.84
1300.3 ; 22.68 ; 62.83
1302.4 ; 22.68 ; 62.83
1304.6 ; 22.68 ; 62.83
1306.7 ; 22.68 ; 62.83
1308.8 ; 22.68 ; 62.83
1311.0 ; 22.68 ; 62.84
1313.1 ; 22.68 ; 62.84
1315.3 ; 22.68 ; 62.84
1317.4 ; 22.68 ; 62.85
1319.6 ; 22.68 ; 62.83
1321.7 ; 22.68 ; 62.84
1323.9 ; 22.68 ; 62.83
1326.0 ; 22.68 ; 62.86
1328.1 ; 22.68 ; 62.86
1330.3 ; 22.68 ; 62.85
1332.4 ; 22.68 ; 62.85
1334.6 ; 22.68 ; 62.85
1336.7 ; 22.68 ; 62.83
1338.9 ; 22.68 ; 62.84
1341.0 ; 22.68 ; 62.84
1343.2 ; 22.68 ; 62.83
1345.3 ; 22.68 ; 62.86
1347.4 ; 22.68 ; 62.83
1349.6 ; 22.68 ; 62.85
1351.7 ; 22.68 ; 62.83
1353.9 ; 22.68 ; 62.84
1356.0 ; 22.68 ; 62.83
1358.2 ; 22.68 ; 62.83
1360.3 ; 22.68 ; 62.85
1362.5 ; 22.68 ; 62.83
1364.6 ; 22.68 ; 62.83
1366.7 ; 22.68 ; 62.85
1368.9 ; 22.68 ; 62.83
1371.0 ; 22.68 ; 62.82
1373.2 ; 22.68 ; 62.83
1375.3 ; 22.68 ; 62.83
1377.5 ; 22.68 ; 62.82
1379.6 ; 22.68 ; 62.82
1381.8 ; 22.68 ; 62.83
1383.9 ; 22.68 ; 62.82
1386.0 ; 22.68 ; 62.83
1388.2 ; 22.68 ; 62.83
1390.3 ; 22.68 ; 62.82
1392.5 ; 22.68 ; 62.82
1394.6 ; 22.68 ; 62.83
1396.8 ; 22.68 ; 62.85
1398.9 ; 22.68 ; 62.83
1401.1 ; 22.68 ; 62.83
1403.2 ; 22.68 ; 62.84
1405.3 ; 22.68 ; 62.83
1407.5 ; 22.68 ; 62.83
1409.6 ; 22.68 ; 62.86
1411.8 ; 22.68 ; 62.83
1413.9 ; 22.68 ; 62.83
1416.1 ; 22.68 ; 62.84
1418.2 ; 22.68 ; 62.87
1420.4 ; 22.68 ; 62.89
1422.5 ; 22.68 ; 62.87
1424.6 ; 22.68 ; 62.86
1426.8 ; 22.68 ; 62.87
1428.9 ; 22.68 ; 62.84
1431.1 ; 22.68 ; 62.85
1433.2 ; 22.68 ; 62.87
1435.4 ; 22.68 ; 62.85
1437.5 ; 22.68 ; 62.88
1439.7 ; 22.68 ; 62.86
1441.8 ; 22.68 ; 62.89
1443.9 ; 22.68 ; 62.91
1446.1 ; 22.68 ; 62.90
1448.2 ; 22.68 ; 62.91
1450.4 ; 22.68 ; 62.90
1452.5 ; 22.68 ; 62.91
1454.7 ; 22.68 ; 62.90
1456.8 ; 22.68 ; 62.92
1459.0 ; 22.68 ; 62.94
1461.1 ; 22.68 ; 62.93
1463.2 ; 22.68 ; 62.92
1465.4 ; 22.68 ; 62.94
1467.5 ; 22.68 ; 62.94
1469.7 ; 22.68 ; 62.93
1471.8 ; 22.68 ; 62.94
1474.0 ; 22.68 ; 62.93
1476.1 ; 22.68 ; 62.94
1478.3 ; 22.68 ; 62.94
1480.4 ; 22.68 ; 62.94
1482.5 ; 22.68 ; 62.94
1484.7 ; 22.68 ; 62.94
1486.8 ; 22.68 ; 62.93
1489.0 ; 22.68 ; 62.94
1491.1 ; 22.68 ; 62.94
1493.3 ; 22.68 ; 62.92
1495.4 ; 22.68 ; 62.94
1497.6 ; 22.69 ; 62.92
1499.7 ; 22.68 ; 62.93
1501.8 ; 22.69 ; 62.92
1504.0 ; 22.68 ; 62.94
1506.1 ; 22.68 ; 62.93
1508.3 ; 22.69 ; 62.92
1510.4 ; 22.68 ; 62.92
1512.6 ; 22.68 ; 62.93
1514.7 ; 22.69 ; 62.90
1516.9 ; 22.69 ; 62.90
1519.0 ; 22.69 ; 62.92
1521.1 ; 22.69 ; 62.90
1523.3 ; 22.69 ; 62.89
1525.4 ; 22.69 ; 62.91
1527.6 ; 22.69 ; 62.87
1529.7 ; 22.69 ; 62.89
1531.9 ; 22.69 ; 62.89
1534.0 ; 22.69 ; 62.87
1536.2 ; 22.70 ; 62.87
1538.3 ; 22.70 ; 62.87
1540.4 ; 22.69 ; 62.87
1542.6 ; 22.70 ; 62.86
1544.7 ; 22.70 ; 62.85
1546.9 ; 22.70 ; 62.85
1549.0 ; 22.70 ; 62.88
1551.2 ; 22.70 ; 62.85
1553.3 ; 22.70 ; 62.88
1555.5 ; 22.70 ; 62.86
1557.6 ; 22.70 ; 62.86
1559.7 ; 22.70 ; 62.86
1561.9 ; 22.70 ; 62.84
1564.0 ; 22.70 ; 62.85
1566.2 ; 22.69 ; 62.91
1568.3 ; 22.70 ; 62.90
1570.5 ; 22.70 ; 62.86
1572.6 ; 22.70 ; 62.90
1574.8 ; 22.70 ; 62.88
1576.9 ; 22.70 ; 62.87
1579.0 ; 22.70 ; 62.85
1581.2 ; 22.70 ; 62.86
1583.3 ; 22.70 ; 62.86
1585.5 ; 22.70 ; 62.88
1587.6 ; 22.70 ; 62.88
1589.8 ; 22.70 ; 62.86
1591.9 ; 22.70 ; 62.89
1594.1 ; 22.70 ; 62.88
1596.2 ; 22.70 ; 62.89
1598.3 ; 22.70 ; 62.90
1600.5 ; 22.70 ; 62.92
1602.6 ; 22.70 ; 62.93
1604.8 ; 22.70 ; 62.91
1606.9 ; 22.70 ; 62.93
1609.1 ; 22.70 ; 62.90
1611.2 ; 22.70 ; 62.92
1613.4 ; 22.70 ; 62.92
1615.5 ; 22.70 ; 62.93
1617.7 ; 22.70 ; 62.92
1619.8 ; 22.70 ; 62.91
1621.9 ; 22.70 ; 62.93
1624.1 ; 22.70 ; 62.94
1626.2 ; 22.70 ; 62.94
1628.4 ; 22.70 ; 62.94
1630.5 ; 22.70 ; 62.95
1632.7 ; 22.70 ; 62.95
1634.8 ; 22.70 ; 62.94
1637.0 ; 22.70 ; 62.91
1639.1 ; 22.70 ; 62.94
1641.2 ; 22.70 ; 62.94
1643.4 ; 22.70 ; 62.92
1645.5 ; 22.70 ; 62.91
1647.7 ; 22.70 ; 62.95
1649.8 ; 22.70 ; 62.94
1652.0 ; 22.70 ; 62.95
1654.1 ; 22.70 ; 62.94
1656.2 ; 22.70 ; 62.95
1658.4 ; 22.70 ; 62.94
1660.5 ; 22.70 ; 62.95
1662.7 ; 22.70 ; 62.95
1664.8 ; 22.70 ; 62.94
1667.0 ; 22.70 ; 62.95
1669.1 ; 22.70 ; 62.94
1671.3 ; 22.70 ; 62.95
1673.4 ; 22.70 ; 62.95
1675.5 ; 22.70 ; 62.95
1677.7 ; 22.70 ; 62.95
1679.8 ; 22.70 ; 62.95
1682.0 ; 22.70 ; 62.95
1684.1 ; 22.70 ; 62.95
1686.3 ; 22.70 ; 62.95
1688.4 ; 22.70 ; 62.95
1690.6 ; 22.70 ; 62.95
1692.7 ; 22.70 ; 62.95
1694.8 ; 22.70 ; 62.95
1697.0 ; 22.70 ; 62.95
1699.1 ; 22.70 ; 62.95
1701.3 ; 22.70 ; 62.95
1703.4 ; 22.70 ; 62.95
1705.6 ; 22.70 ; 62.94
1707.7 ; 22.70 ; 62.95
1709.9 ; 22.70 ; 62.95
1712.0 ; 22.70 ; 62.95
1714.2 ; 22.70 ; 62.95
1716.3 ; 22.70 ; 62.95
1718.4 ; 22.70 ; 62.95
1720.6 ; 22.70 ; 62.95
1722.7 ; 22.70 ; 62.95
1724.9 ; 22.70 ; 62.95
1727.0 ; 22.70 ; 62.95
1729.2 ; 22.70 ; 62.95
1731.3 ; 22.70 ; 62.95
1733.5 ; 22.70 ; 62.95
1735.6 ; 22.70 ; 62.95
1737.7 ; 22.70 ; 62.95
1739.9 ; 22.70 ; 62.95
1742.0 ; 22.70 ; 62.94
1744.2 ; 22.70 ; 62.95
1746.3 ; 22.70 ; 62.95
1748.5 ; 22.70 ; 62.94
1750.6 ; 22.70 ; 62.95
1752.7 ; 22.70 ; 62.94
1754.9 ; 22.70 ; 62.95
1757.0 ; 22.70 ; 62.95
1759.2 ; 22.70 ; 62.95
1761.3 ; 22.70 ; 62.95
1763.5 ; 22.70 ; 62.94
1765.6 ; 22.70 ; 62.95
1767.8 ; 22.70 ; 62.94
1769.9 ; 22.70 ; 62.95
1772.0 ; 22.70 ; 62.94
1774.2 ; 22.70 ; 62.95
1776.3 ; 22.70 ; 62.94
1778.5 ; 22.70 ; 62.94
1780.6 ; 22.70 ; 62.94
1782.8 ; 22.70 ; 62.94
1784.9 ; 22.70 ; 62.95
1787.1 ; 22.70 ; 62.95
1789.2 ; 22.70 ; 62.95
1791.3 ; 22.70 ; 62.95
1793.5 ; 22.70 ; 62.94
1795.6 ; 22.70 ; 62.95
1797.8 ; 22.70 ; 62.94
1799.9 ; 22.70 ; 62.95
1802.1 ; 22.70 ; 62.94
1804.2 ; 22.70 ; 62.95
1806.4 ; 22.70 ; 62.95
1808.5 ; 22.70 ; 62.94
1810.7 ; 22.70 ; 62.94
1812.8 ; 22.70 ; 62.94
1814.9 ; 22.70 ; 62.94
1817.1 ; 22.70 ; 62.95
1819.2 ; 22.70 ; 62.94
1821.4 ; 22.70 ; 62.94
1823.5 ; 22.70 ; 62.94
1825.7 ; 22.70 ; 62.95
1827.8 ; 22.70 ; 62.95
1830.0 ; 22.70 ; 62.95
1832.1 ; 22.70 ; 62.94
1834.2 ; 22.70 ; 62.95
1836.4 ; 22.70 ; 62.94
1838.5 ; 22.70 ; 62.95
1840.7 ; 22.70 ; 62.95
1842.8 ; 22.70 ; 62.95
1845.0 ; 22.70 ; 62.95
1847.1 ; 22.70 ; 62.95
1849.3 ; 22.70 ; 62.95
1851.4 ; 22.70 ; 62.94
1853.5 ; 22.70 ; 62.95
1855.7 ; 22.70 ; 62.95
1857.8 ; 22.70 ; 62.95
1860.0 ; 22.70 ; 62.95
1862.1 ; 22.70 ; 62.94
1864.3 ; 22.70 ; 62.95
1866.4 ; 22.70 ; 62.95
1868.6 ; 22.70 ; 62.95
1870.7 ; 22.70 ; 62.95
1872.8 ; 22.70 ; 62.95
1875.0 ; 22.70 ; 62.94
1877.1 ; 22.70 ; 62.95
1879.3 ; 22.70 ; 62.95
1881.4 ; 22.70 ; 62.94
1883.6 ; 22.70 ; 62.95
1885.7 ; 22.70 ; 62.95
1887.9 ; 22.70 ; 62.95
1890.0 ; 22.70 ; 62.95
1892.1 ; 22.70 ; 62.95
1894.3 ; 22.70 ; 62.94
1896.4 ; 22.70 ; 62.95
1898.6 ; 22.70 ; 62.95
1900.7 ; 22.70 ; 62.95
1902.9 ; 22.70 ; 62.95
1905.0 ; 22.70 ; 62.95
1907.2 ; 22.70 ; 62.94
1909.3 ; 22.70 ; 62.94
1911.4 ; 22.70 ; 62.94
1913.6 ; 22.70 ; 62.94
1915.7 ; 22.70 ; 62.94
1917.9 ; 22.70 ; 62.95
1920.0 ; 22.70 ; 62.94
1922.2 ; 22.70 ; 62.95
1924.3 ; 22.70 ; 62.95
1926.5 ; 22.70 ; 62.94
1928.6 ; 22.70 ; 62.95
1930.7 ; 22.70 ; 62.94
1932.9 ; 22.70 ; 62.94
1935.0 ; 22.70 ; 62.95
1937.2 ; 22.70 ; 62.95
1939.3 ; 22.70 ; 62.95
1941.5 ; 22.70 ; 62.94
1943.6 ; 22.70 ; 62.94
1945.8 ; 22.70 ; 62.95
1947.9 ; 22.70 ; 62.95
1950.0 ; 22.70 ; 62.94
1952.2 ; 22.70 ; 62.95
1954.3 ; 22.70 ; 62.94
1956.5 ; 22.70 ; 62.94
1958.6 ; 22.70 ; 62.95
1960.8 ; 22.70 ; 62.95
1962.9 ; 22.70 ; 62.95
1965.1 ; 22.70 ; 62.93
1967.2 ; 22.70 ; 62.92
1969.3 ; 22.70 ; 62.94
1971.5 ; 22.70 ; 62.94
1973.6 ; 22.70 ; 62.92
1975.8 ; 22.70 ; 62.93
1977.9 ; 22.70 ; 62.94
1980.1 ; 22.70 ; 62.94
1982.2 ; 22.70 ; 62.93
1984.4 ; 22.70 ; 62.93
1986.5 ; 22.70 ; 62.91
1988.6 ; 22.70 ; 62.92
1990.8 ; 22.70 ; 62.91
1992.9 ; 22.70 ; 62.89
1995.1 ; 22.70 ; 62.92
1997.2 ; 22.70 ; 62.94
1999.4 ; 22.70 ; 62.92
2001.5 ; 22.70 ; 62.93
2003.7 ; 22.70 ; 62.91
2005.8 ; 22.70 ; 62.90
2007.9 ; 22.70 ; 62.86
2010.1 ; 22.70 ; 62.85
2012.2 ; 22.70 ; 62.84
2014.4 ; 22.70 ; 62.84
2016.5 ; 22.70 ; 62.84
2018.7 ; 22.70 ; 62.84
2020.8 ; 22.70 ; 62.84
2023.0 ; 22.70 ; 62.84
2025.1 ; 22.70 ; 62.84
2027.2 ; 22.70 ; 62.79
2029.4 ; 22.70 ; 62.76
2031.5 ; 22.70 ; 62.76
2033.7 ; 22.70 ; 62.74
2035.8 ; 22.70 ; 62.72
2038.0 ; 22.70 ; 62.72
2040.1 ; 22.70 ; 62.72
2042.3 ; 22.70 ; 62.72
2044.4 ; 22.70 ; 62.72
2046.5 ; 22.70 ; 62.72
2048.7 ; 22.70 ; 62.71
2050.8 ; 22.70 ; 62.71
2053.0 ; 22.70 ; 62.72
2055.1 ; 22.70 ; 62.72
2057.3 ; 22.70 ; 62.70
2059.4 ; 22.70 ; 62.71
2061.6 ; 22.70 ; 62.68
2063.7 ; 22.70 ; 62.66
2065.8 ; 22.70 ; 62.68
2068.0 ; 22.70 ; 62.66
2070.1 ; 22.70 ; 62.66
2072.3 ; 22.70 ; 62.61
2074.4 ; 22.70 ; 62.63
2076.6 ; 22.70 ; 62.63
2078.7 ; 22.70 ; 62.61
2080.9 ; 22.70 ; 62.61
2083.0 ; 22.70 ; 62.61
2085.1 ; 22.70 ; 62.61
2087.3 ; 22.70 ; 62.60
2089.4 ; 22.70 ; 62.61
2091.6 ; 22.70 ; 62.62
2093.7 ; 22.70 ; 62.61
2095.9 ; 22.70 ; 62.60
2098.0 ; 22.70 ; 62.60
2100.2 ; 22.70 ; 62.61
2102.3 ; 22.70 ; 62.60
2104.4 ; 22.70 ; 62.61
2106.6 ; 22.70 ; 62.61
2108.7 ; 22.70 ; 62.60
2110.9 ; 22.70 ; 62.59
2113.0 ; 22.70 ; 62.61
2115.2 ; 22.70 ; 62.60
2117.3 ; 22.70 ; 62.59
2119.5 ; 22.70 ; 62.57
2121.6 ; 22.70 ; 62.60
2123.7 ; 22.70 ; 62.58
2125.9 ; 22.70 ; 62.58
2128.0 ; 22.71 ; 62.56
2130.2 ; 22.71 ; 62.56
2132.3 ; 22.71 ; 62.56
2134.5 ; 22.71 ; 62.57
2136.6 ; 22.71 ; 62.56
2138.8 ; 22.71 ; 62.58
2140.9 ; 22.71 ; 62.56
2143.0 ; 22.71 ; 62.57
2145.2 ; 22.71 ; 62.53
2147.3 ; 22.71 ; 62.54
2149.5 ; 22.71 ; 62.52
2151.6 ; 22.71 ; 62.55
2153.8 ; 22.71 ; 62.52
2155.9 ; 22.71 ; 62.52
2158.1 ; 22.71 ; 62.53
2160.2 ; 22.71 ; 62.52
2162.3 ; 22.71 ; 62.55
2164.5 ; 22.72 ; 62.51
2166.6 ; 22.71 ; 62.53
2168.8 ; 22.71 ; 62.52
2170.9 ; 22.71 ; 62.53
2173.1 ; 22.72 ; 62.51
2175.2 ; 22.71 ; 62.52
2177.4 ; 22.71 ; 62.54
2179.5 ; 22.72 ; 62.54
2181.6 ; 22.71 ; 62.57
2183.8 ; 22.72 ; 62.55
2185.9 ; 22.72 ; 62.56
2188.1 ; 22.71 ; 62.56
2190.2 ; 22.71 ; 62.57
2192.4 ; 22.72 ; 62.56
2194.5 ; 22.72 ; 62.56
2196.7 ; 22.71 ; 62.58
2198.8 ; 22.71 ; 62.62
2200.9 ; 22.72 ; 62.58
2203.1 ; 22.72 ; 62.58
2205.2 ; 22.72 ; 62.61
2207.4 ; 22.71 ; 62.62
2209.5 ; 22.72 ; 62.60
2211.7 ; 22.72 ; 62.61
2213.8 ; 22.72 ; 62.61
2216.0 ; 22.72 ; 62.60
2218.1 ; 22.72 ; 62.61
2220.2 ; 22.71 ; 62.63
2222.4 ; 22.72 ; 62.62
2224.5 ; 22.72 ; 62.61
2226.7 ; 22.72 ; 62.62
2228.8 ; 22.72 ; 62.62
2231.0 ; 22.72 ; 62.62
2233.1 ; 22.72 ; 62.62
2235.3 ; 22.72 ; 62.62
2237.4 ; 22.72 ; 62.62
2239.5 ; 22.72 ; 62.62
2241.7 ; 22.72 ; 62.62
2243.8 ; 22.72 ; 62.62
2246.0 ; 22.72 ; 62.62
2248.1 ; 22.72 ; 62.62
2250.3 ; 22.72 ; 62.62
2252.4 ; 22.72 ; 62.62
2254.6 ; 22.72 ; 62.62
2256.7 ; 22.72 ; 62.62
2258.8 ; 22.72 ; 62.62
2261.0 ; 22.72 ; 62.62
2263.1 ; 22.72 ; 62.62
2265.3 ; 22.72 ; 62.61
2267.4 ; 22.72 ; 62.61
2269.6 ; 22.72 ; 62.62
2271.7 ; 22.72 ; 62.62
2273.9 ; 22.72 ; 62.61
2276.0 ; 22.72 ; 62.62
2278.1 ; 22.72 ; 62.61
2280.3 ; 22.72 ; 62.61
2282.4 ; 22.72 ; 62.61
2284.6 ; 22.72 ; 62.62
2286.7 ; 22.72 ; 62.62
2288.9 ; 22.72 ; 62.62
2291.0 ; 22.72 ; 62.62
2293.2 ; 22.72 ; 62.62
2295.3 ; 22.72 ; 62.60
2297.4 ; 22.72 ; 62.62
2299.6 ; 22.72 ; 62.64
2301.7 ; 22.72 ; 62.61
2303.9 ; 22.72 ; 62.62
2306.0 ; 22.72 ; 62.57
2308.2 ; 22.72 ; 62.58
2310.3 ; 22.72 ; 62.58
2312.5 ; 22.72 ; 62.59
2314.6 ; 22.73 ; 62.59
2316.7 ; 22.72 ; 62.63
2318.9 ; 22.73 ; 62.58
2321.0 ; 22.73 ; 62.60
2323.2 ; 22.73 ; 62.57
2325.3 ; 22.73 ; 62.56
2327.5 ; 22.73 ; 62.61
2329.6 ; 22.73 ; 62.60
2331.8 ; 22.73 ; 62.58
2333.9 ; 22.73 ; 62.63
2336.0 ; 22.73 ; 62.60
2338.2 ; 22.73 ; 62.62
2340.3 ; 22.73 ; 62.61
2342.5 ; 22.73 ; 62.63
2344.6 ; 22.73 ; 62.62
2346.8 ; 22.73 ; 62.64
2348.9 ; 22.73 ; 62.63
2351.1 ; 22.73 ; 62.63
2353.2 ; 22.73 ; 62.63
2355.3 ; 22.73 ; 62.63
2357.5 ; 22.73 ; 62.63
2359.6 ; 22.73 ; 62.63
2361.8 ; 22.73 ; 62.63
2363.9 ; 22.73 ; 62.63
2366.1 ; 22.73 ; 62.63
2368.2 ; 22.73 ; 62.63
2370.4 ; 22.73 ; 62.64
2372.5 ; 22.73 ; 62.63
2374.6 ; 22.73 ; 62.63
2376.8 ; 22.73 ; 62.63
2378.9 ; 22.73 ; 62.63
2381.1 ; 22.73 ; 62.63
2383.2 ; 22.73 ; 62.63
2385.4 ; 22.73 ; 62.63
2387.5 ; 22.73 ; 62.63
2389.7 ; 22.73 ; 62.64
2391.8 ; 22.73 ; 62.64
2393.9 ; 22.73 ; 62.64
2396.1 ; 22.73 ; 62.64
2398.2 ; 22.73 ; 62.64
2400.4 ; 22.73 ; 62.63
2402.5 ; 22.73 ; 62.64
2404.7 ; 22.73 ; 62.64
2406.8 ; 22.73 ; 62.64
2409.0 ; 22.73 ; 62.63
2411.1 ; 22.73 ; 62.64
2413.2 ; 22.73 ; 62.66
2415.4 ; 22.73 ; 62.65
2417.5 ; 22.73 ; 62.66
2419.7 ; 22.73 ; 62.67
2421.8 ; 22.73 ; 62.66
2424.0 ; 22.73 ; 62.67
2426.1 ; 22.74 ; 62.63
2428.3 ; 22.73 ; 62.70
2430.4 ; 22.74 ; 62.66
2432.5 ; 22.74 ; 62.65
2434.7 ; 22.74 ; 62.68
2436.8 ; 22.74 ; 62.66
2439.0 ; 22.74 ; 62.67
2441.1 ; 22.74 ; 62.67
2443.3 ; 22.74 ; 62.66
2445.4 ; 22.74 ; 62.69
2447.6 ; 22.74 ; 62.68
2449.7 ; 22.74 ; 62.68
2451.8 ; 22.74 ; 62.66
2454.0 ; 22.74 ; 62.69
2456.1 ; 22.74 ; 62.69
2458.3 ; 22.75 ; 62.65
2460.4 ; 22.74 ; 62.69
2462.6 ; 22.74 ; 62.69
2464.7 ; 22.74 ; 62.68
2466.9 ; 22.74 ; 62.67
2469.0 ; 22.75 ; 62.66
2471.1 ; 22.75 ; 62.66
2473.3 ; 22.75 ; 62.66
2475.4 ; 22.75 ; 62.66
2477.6 ; 22.75 ; 62.65
2479.7 ; 22.75 ; 62.66
2481.9 ; 22.75 ; 62.66
2484.0 ; 22.75 ; 62.66
2486.2 ; 22.75 ; 62.66
2488.3 ; 22.75 ; 62.65
2490.4 ; 22.75 ; 62.65
2492.6 ; 22.75 ; 62.65
2494.7 ; 22.75 ; 62.65
2496.9 ; 22.75 ; 62.65
2499.0 ; 22.75 ; 62.66
2501.2 ; 22.75 ; 62.65
2503.3 ; 22.75 ; 62.65
2505.5 ; 22.75 ; 62.65
2507.6 ; 22.75 ; 62.65
2509.7 ; 22.75 ; 62.65
2511.9 ; 22.75 ; 62.65
2514.0 ; 22.75 ; 62.65
2516.2 ; 22.75 ; 62.65
2518.3 ; 22.75 ; 62.65
2520.5 ; 22.75 ; 62.66
2522.6 ; 22.75 ; 62.65
2524.8 ; 22.75 ; 62.65
2526.9 ; 22.75 ; 62.65
2529.0 ; 22.75 ; 62.65
2531.2 ; 22.75 ; 62.65
2533.3 ; 22.75 ; 62.66
2535.5 ; 22.75 ; 62.65
2537.6 ; 22.75 ; 62.65
2539.8 ; 22.75 ; 62.65
2541.9 ; 22.75 ; 62.65
2544.1 ; 22.75 ; 62.65
2546.2 ; 22.75 ; 62.66
2548.3 ; 22.75 ; 62.65
2550.5 ; 22.75 ; 62.66
2552.6 ; 22.75 ; 62.64
2554.8 ; 22.75 ; 62.65
2556.9 ; 22.75 ; 62.66
2559.1 ; 22.75 ; 62.66
2561.2 ; 22.75 ; 62.66
2563.4 ; 22.75 ; 62.68
2565.5 ; 22.75 ; 62.66
2567.6 ; 22.75 ; 62.69
2569.8 ; 22.75 ; 62.67
2571.9 ; 22.75 ; 62.67
2574.1 ; 22.75 ; 62.67
2576.2 ; 22.75 ; 62.66
2578.4 ; 22.75 ; 62.69
2580.5 ; 22.75 ; 62.68
2582.7 ; 22.75 ; 62.69
2584.8 ; 22.75 ; 62.69
2586.9 ; 22.75 ; 62.68
2589.1 ; 22.75 ; 62.71
2591.2 ; 22.75 ; 62.72
2593.4 ; 22.75 ; 62.70
2595.5 ; 22.76 ; 62.64
2597.7 ; 22.76 ; 62.68
2599.8 ; 22.76 ; 62.69
2602.0 ; 22.76 ; 62.69
2604.1 ; 22.75 ; 62.73
2606.2 ; 22.76 ; 62.67
2608.4 ; 22.76 ; 62.69
2610.5 ; 22.76 ; 62.68
2612.7 ; 22.76 ; 62.69
2614.8 ; 22.76 ; 62.69
2617.0 ; 22.76 ; 62.68
2619.1 ; 22.76 ; 62.70
2621.3 ; 22.76 ; 62.70
2623.4 ; 22.76 ; 62.70
2625.5 ; 22.76 ; 62.68
2627.7 ; 22.76 ; 62.68
2629.8 ; 22.76 ; 62.68
2632.0 ; 22.76 ; 62.67
2634.1 ; 22.76 ; 62.67
2636.3 ; 22.76 ; 62.67
2638.4 ; 22.76 ; 62.68
2640.6 ; 22.76 ; 62.67
2642.7 ; 22.76 ; 62.66
2644.8 ; 22.76 ; 62.66
2647.0 ; 22.76 ; 62.66
2649.1 ; 22.76 ; 62.67
2651.3 ; 22.76 ; 62.66
2653.4 ; 22.76 ; 62.66
2655.6 ; 22.76 ; 62.66
2657.7 ; 22.76 ; 62.66
2659.9 ; 22.76 ; 62.66
2662.0 ; 22.76 ; 62.66
2664.1 ; 22.76 ; 62.67
2666.3 ; 22.76 ; 62.66
2668.4 ; 22.76 ; 62.66
2670.6 ; 22.76 ; 62.66
2672.7 ; 22.76 ; 62.66
2674.9 ; 22.76 ; 62.66
2677.0 ; 22.76 ; 62.66
2679.2 ; 22.76 ; 62.66
2681.3 ; 22.76 ; 62.66
2683.4 ; 22.76 ; 62.66
2685.6 ; 22.76 ; 62.67
2687.7 ; 22.76 ; 62.66
2689.9 ; 22.76 ; 62.66
2692.0 ; 22.76 ; 62.66
2694.2 ; 22.76 ; 62.66
2696.3 ; 22.76 ; 62.67
2698.5 ; 22.76 ; 62.66
2700.6 ; 22.76 ; 62.66
2702.7 ; 22.76 ; 62.66
2704.9 ; 22.76 ; 62.68
2707.0 ; 22.76 ; 62.67
2709.2 ; 22.76 ; 62.69
2711.3 ; 22.76 ; 62.69
2713.5 ; 22.76 ; 62.69
2715.6 ; 22.76 ; 62.67
2717.8 ; 22.76 ; 62.67
2719.9 ; 22.76 ; 62.69
2722.0 ; 22.76 ; 62.68
2724.2 ; 22.76 ; 62.71
2726.3 ; 22.76 ; 62.70
2728.5 ; 22.76 ; 62.69
2730.6 ; 22.76 ; 62.70
2732.8 ; 22.76 ; 62.69
2734.9 ; 22.76 ; 62.70
2737.1 ; 22.76 ; 62.73
2739.2 ; 22.76 ; 62.74
2741.3 ; 22.76 ; 62.72
2743.5 ; 22.76 ; 62.71
2745.6 ; 22.76 ; 62.74
2747.8 ; 22.76 ; 62.72
2749.9 ; 22.76 ; 62.72
2752.1 ; 22.76 ; 62.75
2754.2 ; 22.76 ; 62.73
2756.4 ; 22.76 ; 62.72
2758.5 ; 22.76 ; 62.72
2760.6 ; 22.76 ; 62.75
2762.8 ; 22.76 ; 62.74
2764.9 ; 22.76 ; 62.73
2767.1 ; 22.76 ; 62.76
2769.2 ; 22.76 ; 62.74
2771.4 ; 22.76 ; 62.73
2773.5 ; 22.77 ; 62.74
2775.7 ; 22.77 ; 62.75
2777.8 ; 22.76 ; 62.77
2779.9 ; 22.76 ; 62.76
2782.1 ; 22.76 ; 62.76
2784.2 ; 22.76 ; 62.74
2786.4 ; 22.76 ; 62.76
2788.5 ; 22.76 ; 62.75
2790.7 ; 22.76 ; 62.75
2792.8 ; 22.76 ; 62.69
2795.0 ; 22.76 ; 62.74
2797.1 ; 22.76 ; 62.73
2799.2 ; 22.76 ; 62.71
2801.4 ; 22.77 ; 62.69
2803.5 ; 22.76 ; 62.73
2805.7 ; 22.76 ; 62.73
2807.8 ; 22.76 ; 62.71
2810.0 ; 22.76 ; 62.72
2812.1 ; 22.76 ; 62.71
2814.3 ; 22.76 ; 62.72
2816.4 ; 22.76 ; 62.72
2818.5 ; 22.77 ; 62.70
2820.7 ; 22.76 ; 62.72
2822.8 ; 22.76 ; 62.73
2825.0 ; 22.76 ; 62.74
2827.1 ; 22.76 ; 62.69
2829.3 ; 22.76 ; 62.75
2831.4 ; 22.76 ; 62.73
2833.6 ; 22.76 ; 62.74
2835.7 ; 22.76 ; 62.75
2837.8 ; 22.76 ; 62.74
2840.0 ; 22.76 ; 62.75
2842.1 ; 22.76 ; 62.74
2844.3 ; 22.76 ; 62.76
2846.4 ; 22.76 ; 62.73
2848.6 ; 22.76 ; 62.73
2850.7 ; 22.76 ; 62.73
2852.9 ; 22.76 ; 62.73
2855.0 ; 22.76 ; 62.71
2857.1 ; 22.76 ; 62.71
2859.3 ; 22.76 ; 62.71
2861.4 ; 22.76 ; 62.68
2863.6 ; 22.76 ; 62.70
2865.7 ; 22.76 ; 62.67
2867.9 ; 22.76 ; 62.68
2870.0 ; 22.76 ; 62.68
2872.2 ; 22.76 ; 62.67
2874.3 ; 22.76 ; 62.66
2876.4 ; 22.76 ; 62.67
2878.6 ; 22.76 ; 62.67
2880.7 ; 22.76 ; 62.66
2882.9 ; 22.76 ; 62.68
2885.0 ; 22.76 ; 62.68
2887.2 ; 22.76 ; 62.68
2889.3 ; 22.76 ; 62.69
2891.5 ; 22.76 ; 62.69
2893.6 ; 22.76 ; 62.70
2895.7 ; 22.76 ; 62.71
2897.9 ; 22.76 ; 62.70
2900.0 ; 22.76 ; 62.71
2902.2 ; 22.75 ; 62.73
2904.3 ; 22.75 ; 62.73
2906.5 ; 22.75 ; 62.74
2908.6 ; 22.75 ; 62.75
2910.8 ; 22.75 ; 62.75
2912.9 ; 22.75 ; 62.76
2915.0 ; 22.75 ; 62.75
2917.2 ; 22.75 ; 62.75
2919.3 ; 22.75 ; 62.76
2921.5 ; 22.75 ; 62.75
2923.6 ; 22.75 ; 62.76
2925.8 ; 22.75 ; 62.76
2927.9 ; 22.75 ; 62.74
2930.1 ; 22.75 ; 62.74
2932.2 ; 22.75 ; 62.72
2934.3 ; 22.75 ; 62.71
2936.5 ; 22.75 ; 62.71
2938.6 ; 22.75 ; 62.73
2940.8 ; 22.75 ; 62.69
2942.9 ; 22.75 ; 62.68
2945.1 ; 22.75 ; 62.65
2947.2 ; 22.75 ; 62.66
2949.4 ; 22.75 ; 62.65
2951.5 ; 22.75 ; 62.65
2953.6 ; 22.75 ; 62.65
2955.8 ; 22.75 ; 62.65
2957.9 ; 22.75 ; 62.66
2960.1 ; 22.75 ; 62.65
2962.2 ; 22.75 ; 62.66
2964.4 ; 22.75 ; 62.65
2966.5 ; 22.75 ; 62.65
2968.7 ; 22.75 ; 62.66
2970.8 ; 22.75 ; 62.66
2972.9 ; 22.75 ; 62.66
2975.1 ; 22.75 ; 62.66
2977.2 ; 22.75 ; 62.66
2979.4 ; 22.75 ; 62.66
2981.5 ; 22.74 ; 62.67
2983.7 ; 22.74 ; 62.67
2985.8 ; 22.74 ; 62.68
2988.0 ; 22.74 ; 62.69
2990.1 ; 22.74 ; 62.69
2992.2 ; 22.74 ; 62.70
2994.4 ; 22.74 ; 62.69
2996.5 ; 22.74 ; 62.72
2998.7 ; 22.74 ; 62.73
3000.8 ; 22.74 ; 62.72
3003.0 ; 22.74 ; 62.73
3005.1 ; 22.74 ; 62.73
3007.3 ; 22.73 ; 62.73
3009.4 ; 22.73 ; 62.73
3011.5 ; 22.73 ; 62.75
3013.7 ; 22.73 ; 62.75
3015.8 ; 22.73 ; 62.75
3018.0 ; 22.73 ; 62.72
3020.1 ; 22.73 ; 62.73
3022.3 ; 22.73 ; 62.74
3024.4 ; 22.73 ; 62.74
3026.6 ; 22.73 ; 62.74
3028.7 ; 22.73 ; 62.75
3030.8 ; 22.73 ; 62.73
3033.0 ; 22.73 ; 62.71
3035.1 ; 22.73 ; 62.69
3037.3 ; 22.73 ; 62.70
3039.4 ; 22.73 ; 62.72
3041.6 ; 22.73 ; 62.69
3043.7 ; 22.73 ; 62.71
3045.9 ; 22.73 ; 62.69
3048.0 ; 22.73 ; 62.69
3050.1 ; 22.73 ; 62.68
3052.3 ; 22.73 ; 62.67
3054.4 ; 22.73 ; 62.66
3056.6 ; 22.73 ; 62.68
3058.7 ; 22.73 ; 62.68
3060.9 ; 22.73 ; 62.66
3063.0 ; 22.73 ; 62.66
3065.2 ; 22.73 ; 62.67
3067.3 ; 22.73 ; 62.65
3069.4 ; 22.73 ; 62.69
3071.6 ; 22.73 ; 62.64
3073.7 ; 22.73 ; 62.66
3075.9 ; 22.73 ; 62.66
3078.0 ; 22.73 ; 62.64
3080.2 ; 22.73 ; 62.66
3082.3 ; 22.73 ; 62.65
3084.5 ; 22.73 ; 62.64
3086.6 ; 22.73 ; 62.64
3088.7 ; 22.73 ; 62.65
3090.9 ; 22.73 ; 62.65
3093.0 ; 22.73 ; 62.64
3095.2 ; 22.73 ; 62.67
3097.3 ; 22.73 ; 62.67
3099.5 ; 22.73 ; 62.64
3101.6 ; 22.73 ; 62.65
3103.8 ; 22.73 ; 62.65
3105.9 ; 22.73 ; 62.65
3108.0 ; 22.73 ; 62.65
3110.2 ; 22.73 ; 62.64
3112.3 ; 22.73 ; 62.64
3114.5 ; 22.73 ; 62.64
3116.6 ; 22.73 ; 62.64
3118.8 ; 22.73 ; 62.64
3120.9 ; 22.73 ; 62.65
3123.1 ; 22.73 ; 62.64
3125.2 ; 22.73 ; 62.64
3127.3 ; 22.73 ; 62.64
3129.5 ; 22.73 ; 62.64
3131.6 ; 22.73 ; 62.64
3133.8 ; 22.73 ; 62.64
3135.9 ; 22.73 ; 62.64
3138.1 ; 22.73 ; 62.64
3140.2 ; 22.73 ; 62.64
3142.4 ; 22.73 ; 62.64
3144.5 ; 22.73 ; 62.64
3146.6 ; 22.73 ; 62.64
3148.8 ; 22.73 ; 62.64
3150.9 ; 22.73 ; 62.64
3153.1 ; 22.73 ; 62.64
3155.2 ; 22.73 ; 62.64
3157.4 ; 22.73 ; 62.64
3159.5 ; 22.73 ; 62.64
3161.7 ; 22.73 ; 62.64
3163.8 ; 22.73 ; 62.65
3165.9 ; 22.73 ; 62.64
3168.1 ; 22.73 ; 62.64
3170.2 ; 22.73 ; 62.65
3172.4 ; 22.73 ; 62.64
3174.5 ; 22.73 ; 62.64
3176.7 ; 22.73 ; 62.65
3178.8 ; 22.73 ; 62.64
3181.0 ; 22.73 ; 62.64
3183.1 ; 22.73 ; 62.66
3185.2 ; 22.73 ; 62.65
3187.4 ; 22.73 ; 62.65
3189.5 ; 22.73 ; 62.65
3191.7 ; 22.73 ; 62.65
3193.8 ; 22.73 ; 62.64
3196.0 ; 22.73 ; 62.64
3198.1 ; 22.73 ; 62.68
3200.3 ; 22.73 ; 62.66
3202.4 ; 22.73 ; 62.67
3204.5 ; 22.73 ; 62.66
3206.7 ; 22.72 ; 62.68
3208.8 ; 22.73 ; 62.67
3211.0 ; 22.72 ; 62.68
3213.1 ; 22.72 ; 62.68
3215.3 ; 22.72 ; 62.68
3217.4 ; 22.72 ; 62.69
3219.6 ; 22.73 ; 62.67
3221.7 ; 22.73 ; 62.66
3223.8 ; 22.72 ; 62.71
3226.0 ; 22.73 ; 62.67
3228.1 ; 22.72 ; 62.69
3230.3 ; 22.72 ; 62.70
3232.4 ; 22.72 ; 62.70
3234.6 ; 22.73 ; 62.67
3236.7 ; 22.72 ; 62.71
3238.9 ; 22.72 ; 62.72
3241.0 ; 22.72 ; 62.71
3243.1 ; 22.72 ; 62.71
3245.3 ; 22.72 ; 62.71
3247.4 ; 22.72 ; 62.69
3249.6 ; 22.72 ; 62.72
3251.7 ; 22.72 ; 62.68
3253.9 ; 22.72 ; 62.71
3256.0 ; 22.72 ; 62.69
3258.2 ; 22.72 ; 62.72
3260.3 ; 22.72 ; 62.72
3262.4 ; 22.72 ; 62.69
3264.6 ; 22.72 ; 62.71
3266.7 ; 22.72 ; 62.69
3268.9 ; 22.72 ; 62.70
3271.0 ; 22.72 ; 62.73
3273.2 ; 22.72 ; 62.71
3275.3 ; 22.72 ; 62.72
3277.5 ; 22.72 ; 62.71
3279.6 ; 22.72 ; 62.71
3281.7 ; 22.72 ; 62.72
3283.9 ; 22.72 ; 62.72
3286.0 ; 22.72 ; 62.71
3288.2 ; 22.72 ; 62.70
3290.3 ; 22.72 ; 62.72
3292.5 ; 22.72 ; 62.72
3294.6 ; 22.72 ; 62.72
3296.8 ; 22.72 ; 62.72
3298.9 ; 22.72 ; 62.69
3301.0 ; 22.72 ; 62.70
3303.2 ; 22.72 ; 62.71
3305.3 ; 22.72 ; 62.71
3307.5 ; 22.72 ; 62.72
3309.6 ; 22.72 ; 62.72
3311.8 ; 22.72 ; 62.72
3313.9 ; 22.72 ; 62.70
3316.1 ; 22.72 ; 62.71
3318.2 ; 22.72 ; 62.70
3320.3 ; 22.72 ; 62.70
3322.5 ; 22.72 ; 62.71
3324.6 ; 22.72 ; 62.71
